This is pdfTeX, Version 3.141592653-2.6-1.40.25 (TeX Live 2023) (preloaded format=pdflatex 2023.6.30)  29 OCT 2023 10:35
entering extended mode
 restricted \write18 enabled.
 %&-line parsing enabled.
**signature_2023_ver_1.tex
(./signature_2023_ver_1.tex
LaTeX2e <2022-11-01> patch level 1
L3 programming layer <2023-02-22>
(c:/texlive/2023/texmf-dist/tex/latex/base/article.cls
Document Class: article 2022/07/02 v1.4n Standard LaTeX document class
(c:/texlive/2023/texmf-dist/tex/latex/base/size10.clo
File: size10.clo 2022/07/02 v1.4n Standard LaTeX file (size option)
)
\c@part=\count185
\c@section=\count186
\c@subsection=\count187
\c@subsubsection=\count188
\c@paragraph=\count189
\c@subparagraph=\count190
\c@figure=\count191
\c@table=\count192
\abovecaptionskip=\skip48
\belowcaptionskip=\skip49
\bibindent=\dimen140
)
(c:/texlive/2023/texmf-dist/tex/latex/graphics/epsfig.sty
Package: epsfig 2017/06/25 v1.7b (e)psfig emulation (SPQR)

(c:/texlive/2023/texmf-dist/tex/latex/graphics/graphicx.sty
Package: graphicx 2021/09/16 v1.2d Enhanced LaTeX Graphics (DPC,SPQR)

(c:/texlive/2023/texmf-dist/tex/latex/graphics/keyval.sty
Package: keyval 2022/05/29 v1.15 key=value parser (DPC)
\KV@toks@=\toks16
)
(c:/texlive/2023/texmf-dist/tex/latex/graphics/graphics.sty
Package: graphics 2022/03/10 v1.4e Standard LaTeX Graphics (DPC,SPQR)

(c:/texlive/2023/texmf-dist/tex/latex/graphics/trig.sty
Package: trig 2021/08/11 v1.11 sin cos tan (DPC)
)
(c:/texlive/2023/texmf-dist/tex/latex/graphics-cfg/graphics.cfg
File: graphics.cfg 2016/06/04 v1.11 sample graphics configuration
)
Package graphics Info: Driver file: pdftex.def on input line 107.

(c:/texlive/2023/texmf-dist/tex/latex/graphics-def/pdftex.def
File: pdftex.def 2022/09/22 v1.2b Graphics/color driver for pdftex
))
\Gin@req@height=\dimen141
\Gin@req@width=\dimen142
)
\epsfxsize=\dimen143
\epsfysize=\dimen144
)
(c:/texlive/2023/texmf-dist/tex/latex/graphics/color.sty
Package: color 2022/01/06 v1.3d Standard LaTeX Color (DPC)

(c:/texlive/2023/texmf-dist/tex/latex/graphics-cfg/color.cfg
File: color.cfg 2016/01/02 v1.6 sample color configuration
)
Package color Info: Driver file: pdftex.def on input line 149.

(c:/texlive/2023/texmf-dist/tex/latex/graphics/mathcolor.ltx))
(c:/texlive/2023/texmf-dist/tex/latex/amsfonts/amsfonts.sty
Package: amsfonts 2013/01/14 v3.01 Basic AMSFonts support
\@emptytoks=\toks17
\symAMSa=\mathgroup4
\symAMSb=\mathgroup5
LaTeX Font Info:    Redeclaring math symbol \hbar on input line 98.
LaTeX Font Info:    Overwriting math alphabet `\mathfrak' in version `bold'
(Font)                  U/euf/m/n --> U/euf/b/n on input line 106.
)
(c:/texlive/2023/texmf-dist/tex/latex/amsmath/amsmath.sty
Package: amsmath 2022/04/08 v2.17n AMS math features
\@mathmargin=\skip50

For additional information on amsmath, use the `?' option.
(c:/texlive/2023/texmf-dist/tex/latex/amsmath/amstext.sty
Package: amstext 2021/08/26 v2.01 AMS text

(c:/texlive/2023/texmf-dist/tex/latex/amsmath/amsgen.sty
File: amsgen.sty 1999/11/30 v2.0 generic functions
\@emptytoks=\toks18
\ex@=\dimen145
))
(c:/texlive/2023/texmf-dist/tex/latex/amsmath/amsbsy.sty
Package: amsbsy 1999/11/29 v1.2d Bold Symbols
\pmbraise@=\dimen146
)
(c:/texlive/2023/texmf-dist/tex/latex/amsmath/amsopn.sty
Package: amsopn 2022/04/08 v2.04 operator names
)
\inf@bad=\count193
LaTeX Info: Redefining \frac on input line 234.
\uproot@=\count194
\leftroot@=\count195
LaTeX Info: Redefining \overline on input line 399.
LaTeX Info: Redefining \colon on input line 410.
\classnum@=\count196
\DOTSCASE@=\count197
LaTeX Info: Redefining \ldots on input line 496.
LaTeX Info: Redefining \dots on input line 499.
LaTeX Info: Redefining \cdots on input line 620.
\Mathstrutbox@=\box51
\strutbox@=\box52
LaTeX Info: Redefining \big on input line 722.
LaTeX Info: Redefining \Big on input line 723.
LaTeX Info: Redefining \bigg on input line 724.
LaTeX Info: Redefining \Bigg on input line 725.
\big@size=\dimen147
LaTeX Font Info:    Redeclaring font encoding OML on input line 743.
LaTeX Font Info:    Redeclaring font encoding OMS on input line 744.
\macc@depth=\count198
LaTeX Info: Redefining \bmod on input line 905.
LaTeX Info: Redefining \pmod on input line 910.
LaTeX Info: Redefining \smash on input line 940.
LaTeX Info: Redefining \relbar on input line 970.
LaTeX Info: Redefining \Relbar on input line 971.
\c@MaxMatrixCols=\count199
\dotsspace@=\muskip16
\c@parentequation=\count266
\dspbrk@lvl=\count267
\tag@help=\toks19
\row@=\count268
\column@=\count269
\maxfields@=\count270
\andhelp@=\toks20
\eqnshift@=\dimen148
\alignsep@=\dimen149
\tagshift@=\dimen150
\tagwidth@=\dimen151
\totwidth@=\dimen152
\lineht@=\dimen153
\@envbody=\toks21
\multlinegap=\skip51
\multlinetaggap=\skip52
\mathdisplay@stack=\toks22
LaTeX Info: Redefining \[ on input line 2953.
LaTeX Info: Redefining \] on input line 2954.
)
(c:/texlive/2023/texmf-dist/tex/latex/amsfonts/amssymb.sty
Package: amssymb 2013/01/14 v3.01 AMS font symbols
)
(c:/texlive/2023/texmf-dist/tex/latex/amscls/amsthm.sty
Package: amsthm 2020/05/29 v2.20.6
\thm@style=\toks23
\thm@bodyfont=\toks24
\thm@headfont=\toks25
\thm@notefont=\toks26
\thm@headpunct=\toks27
\thm@preskip=\skip53
\thm@postskip=\skip54
\thm@headsep=\skip55
\dth@everypar=\toks28
)
(c:/texlive/2023/texmf-dist/tex/latex/natbib/natbib.sty
Package: natbib 2010/09/13 8.31b (PWD, AO)
\bibhang=\skip56
\bibsep=\skip57
LaTeX Info: Redefining \cite on input line 694.
\c@NAT@ctr=\count271
)
(c:/texlive/2023/texmf-dist/tex/latex/fancybox/fancybox.sty
Package: fancybox 2010/05/15 1.4

Style option: `fancybox' v1.4 <2010/05/15> (tvz)
\@fancybox=\box53
\shadowsize=\dimen154
\@Sbox=\box54
\do@VerbBox=\toks29
\the@fancyput=\toks30
\this@fancyput=\toks31
\EndVerbatimTokens=\toks32
\Verbatim@Outfile=\write3
\Verbatim@Infile=\read2
) (c:/texlive/2023/texmf-dist/tex/generic/ulem/ulem.sty
\UL@box=\box55
\UL@hyphenbox=\box56
\UL@skip=\skip58
\UL@hook=\toks33
\UL@height=\dimen155
\UL@pe=\count272
\UL@pixel=\dimen156
\ULC@box=\box57
Package: ulem 2019/11/18
\ULdepth=\dimen157
)
(c:/texlive/2023/texmf-dist/tex/latex/subfigure/subfigure.sty
Package: subfigure 2002/03/15 v2.1.5 subfigure package
\subfigtopskip=\skip59
\subfigcapskip=\skip60
\subfigcaptopadj=\dimen158
\subfigbottomskip=\skip61
\subfigcapmargin=\dimen159
\subfiglabelskip=\skip62
\c@subfigure=\count273
\c@lofdepth=\count274
\c@subtable=\count275
\c@lotdepth=\count276

****************************************
* Local config file subfigure.cfg used *
****************************************
(c:/texlive/2023/texmf-dist/tex/latex/subfigure/subfigure.cfg)
\subfig@top=\skip63
\subfig@bottom=\skip64
)
(c:/texlive/2023/texmf-dist/tex/latex/multirow/multirow.sty
Package: multirow 2021/03/15 v2.8 Span multiple rows of a table
\multirow@colwidth=\skip65
\multirow@cntb=\count277
\multirow@dima=\skip66
\bigstrutjot=\dimen160
)
(c:/texlive/2023/texmf-dist/tex/latex/bbm-macros/bbm.sty
Package: bbm 1999/03/15 V 1.2 provides fonts for set symbols - TH
LaTeX Font Info:    Overwriting math alphabet `\mathbbm' in version `bold'
(Font)                  U/bbm/m/n --> U/bbm/bx/n on input line 33.
LaTeX Font Info:    Overwriting math alphabet `\mathbbmss' in version `bold'
(Font)                  U/bbmss/m/n --> U/bbmss/bx/n on input line 35.
)
(c:/texlive/2023/texmf-dist/tex/latex/tools/enumerate.sty
Package: enumerate 2015/07/23 v3.00 enumerate extensions (DPC)
\@enLab=\toks34
)
(c:/texlive/2023/texmf-dist/tex/latex/graphics/rotating.sty
Package: rotating 2016/08/11 v2.16d rotated objects in LaTeX

(c:/texlive/2023/texmf-dist/tex/latex/base/ifthen.sty
Package: ifthen 2022/04/13 v1.1d Standard LaTeX ifthen package (DPC)
)
\c@r@tfl@t=\count278
\rotFPtop=\skip67
\rotFPbot=\skip68
\rot@float@box=\box58
\rot@mess@toks=\toks35
)
(c:/texlive/2023/texmf-dist/tex/latex/float/float.sty
Package: float 2001/11/08 v1.3d Float enhancements (AL)
\c@float@type=\count279
\float@exts=\toks36
\float@box=\box59
\@float@everytoks=\toks37
\@floatcapt=\box60
)
(c:/texlive/2023/texmf-dist/tex/latex/epstopdf-pkg/epstopdf.sty
Package: epstopdf 2020-01-24 v2.11 Conversion with epstopdf on the fly (HO)

(c:/texlive/2023/texmf-dist/tex/generic/infwarerr/infwarerr.sty
Package: infwarerr 2019/12/03 v1.5 Providing info/warning/error messages (HO)
)
(c:/texlive/2023/texmf-dist/tex/latex/grfext/grfext.sty
Package: grfext 2019/12/03 v1.3 Manage graphics extensions (HO)

(c:/texlive/2023/texmf-dist/tex/generic/kvdefinekeys/kvdefinekeys.sty
Package: kvdefinekeys 2019-12-19 v1.6 Define keys (HO)
))
(c:/texlive/2023/texmf-dist/tex/latex/kvoptions/kvoptions.sty
Package: kvoptions 2022-06-15 v3.15 Key value format for package options (HO)

(c:/texlive/2023/texmf-dist/tex/generic/ltxcmds/ltxcmds.sty
Package: ltxcmds 2020-05-10 v1.25 LaTeX kernel commands for general use (HO)
)
(c:/texlive/2023/texmf-dist/tex/latex/kvsetkeys/kvsetkeys.sty
Package: kvsetkeys 2022-10-05 v1.19 Key value parser (HO)
))
(c:/texlive/2023/texmf-dist/tex/generic/pdftexcmds/pdftexcmds.sty
Package: pdftexcmds 2020-06-27 v0.33 Utility functions of pdfTeX for LuaTeX (HO
)

(c:/texlive/2023/texmf-dist/tex/generic/iftex/iftex.sty
Package: iftex 2022/02/03 v1.0f TeX engine tests
)
Package pdftexcmds Info: \pdf@primitive is available.
Package pdftexcmds Info: \pdf@ifprimitive is available.
Package pdftexcmds Info: \pdfdraftmode found.
)
(c:/texlive/2023/texmf-dist/tex/latex/epstopdf-pkg/epstopdf-base.sty
Package: epstopdf-base 2020-01-24 v2.11 Base part for package epstopdf
Package epstopdf-base Info: Redefining graphics rule for `.eps' on input line 4
85.
Package grfext Info: Graphics extension search list:
(grfext)             [.pdf,.png,.jpg,.mps,.jpeg,.jbig2,.jb2,.PDF,.PNG,.JPG,.JPE
G,.JBIG2,.JB2,.eps]
(grfext)             \AppendGraphicsExtensions on input line 504.

(c:/texlive/2023/texmf-dist/tex/latex/latexconfig/epstopdf-sys.cfg
File: epstopdf-sys.cfg 2010/07/13 v1.3 Configuration of (r)epstopdf for TeX Liv
e
)))
(c:/texlive/2023/texmf-dist/tex/latex/tcolorbox/tcolorbox.sty
Package: tcolorbox 2023/02/12 version 6.0.1 text color boxes

(c:/texlive/2023/texmf-dist/tex/latex/pgf/basiclayer/pgf.sty
(c:/texlive/2023/texmf-dist/tex/latex/pgf/utilities/pgfrcs.sty
(c:/texlive/2023/texmf-dist/tex/generic/pgf/utilities/pgfutil-common.tex
\pgfutil@everybye=\toks38
\pgfutil@tempdima=\dimen161
\pgfutil@tempdimb=\dimen162
)
(c:/texlive/2023/texmf-dist/tex/generic/pgf/utilities/pgfutil-latex.def
\pgfutil@abb=\box61
)
(c:/texlive/2023/texmf-dist/tex/generic/pgf/utilities/pgfrcs.code.tex
(c:/texlive/2023/texmf-dist/tex/generic/pgf/pgf.revision.tex)
Package: pgfrcs 2023-01-15 v3.1.10 (3.1.10)
))
Package: pgf 2023-01-15 v3.1.10 (3.1.10)

(c:/texlive/2023/texmf-dist/tex/latex/pgf/basiclayer/pgfcore.sty
(c:/texlive/2023/texmf-dist/tex/latex/pgf/systemlayer/pgfsys.sty
(c:/texlive/2023/texmf-dist/tex/generic/pgf/systemlayer/pgfsys.code.tex
Package: pgfsys 2023-01-15 v3.1.10 (3.1.10)

(c:/texlive/2023/texmf-dist/tex/generic/pgf/utilities/pgfkeys.code.tex
\pgfkeys@pathtoks=\toks39
\pgfkeys@temptoks=\toks40

(c:/texlive/2023/texmf-dist/tex/generic/pgf/utilities/pgfkeyslibraryfiltered.co
de.tex
\pgfkeys@tmptoks=\toks41
))
\pgf@x=\dimen163
\pgf@y=\dimen164
\pgf@xa=\dimen165
\pgf@ya=\dimen166
\pgf@xb=\dimen167
\pgf@yb=\dimen168
\pgf@xc=\dimen169
\pgf@yc=\dimen170
\pgf@xd=\dimen171
\pgf@yd=\dimen172
\w@pgf@writea=\write4
\r@pgf@reada=\read3
\c@pgf@counta=\count280
\c@pgf@countb=\count281
\c@pgf@countc=\count282
\c@pgf@countd=\count283
\t@pgf@toka=\toks42
\t@pgf@tokb=\toks43
\t@pgf@tokc=\toks44
\pgf@sys@id@count=\count284
 (c:/texlive/2023/texmf-dist/tex/generic/pgf/systemlayer/pgf.cfg
File: pgf.cfg 2023-01-15 v3.1.10 (3.1.10)
)
Driver file for pgf: pgfsys-pdftex.def

(c:/texlive/2023/texmf-dist/tex/generic/pgf/systemlayer/pgfsys-pdftex.def
File: pgfsys-pdftex.def 2023-01-15 v3.1.10 (3.1.10)

(c:/texlive/2023/texmf-dist/tex/generic/pgf/systemlayer/pgfsys-common-pdf.def
File: pgfsys-common-pdf.def 2023-01-15 v3.1.10 (3.1.10)
)))
(c:/texlive/2023/texmf-dist/tex/generic/pgf/systemlayer/pgfsyssoftpath.code.tex
File: pgfsyssoftpath.code.tex 2023-01-15 v3.1.10 (3.1.10)
\pgfsyssoftpath@smallbuffer@items=\count285
\pgfsyssoftpath@bigbuffer@items=\count286
)
(c:/texlive/2023/texmf-dist/tex/generic/pgf/systemlayer/pgfsysprotocol.code.tex
File: pgfsysprotocol.code.tex 2023-01-15 v3.1.10 (3.1.10)
)) (c:/texlive/2023/texmf-dist/tex/latex/xcolor/xcolor.sty
Package: xcolor 2022/06/12 v2.14 LaTeX color extensions (UK)

(c:/texlive/2023/texmf-dist/tex/latex/graphics-cfg/color.cfg
File: color.cfg 2016/01/02 v1.6 sample color configuration
)
Package xcolor Info: Driver file: pdftex.def on input line 227.
LaTeX Info: Redefining \color on input line 711.

(c:/texlive/2023/texmf-dist/tex/latex/graphics/mathcolor.ltx)
Package xcolor Info: Model `cmy' substituted by `cmy0' on input line 1353.
Package xcolor Info: Model `hsb' substituted by `rgb' on input line 1357.
Package xcolor Info: Model `RGB' extended on input line 1369.
Package xcolor Info: Model `HTML' substituted by `rgb' on input line 1371.
Package xcolor Info: Model `Hsb' substituted by `hsb' on input line 1372.
Package xcolor Info: Model `tHsb' substituted by `hsb' on input line 1373.
Package xcolor Info: Model `HSB' substituted by `hsb' on input line 1374.
Package xcolor Info: Model `Gray' substituted by `gray' on input line 1375.
Package xcolor Info: Model `wave' substituted by `hsb' on input line 1376.
)
(c:/texlive/2023/texmf-dist/tex/generic/pgf/basiclayer/pgfcore.code.tex
Package: pgfcore 2023-01-15 v3.1.10 (3.1.10)

(c:/texlive/2023/texmf-dist/tex/generic/pgf/math/pgfmath.code.tex
(c:/texlive/2023/texmf-dist/tex/generic/pgf/math/pgfmathutil.code.tex)
(c:/texlive/2023/texmf-dist/tex/generic/pgf/math/pgfmathparser.code.tex
\pgfmath@dimen=\dimen173
\pgfmath@count=\count287
\pgfmath@box=\box62
\pgfmath@toks=\toks45
\pgfmath@stack@operand=\toks46
\pgfmath@stack@operation=\toks47
)
(c:/texlive/2023/texmf-dist/tex/generic/pgf/math/pgfmathfunctions.code.tex)
(c:/texlive/2023/texmf-dist/tex/generic/pgf/math/pgfmathfunctions.basic.code.te
x)
(c:/texlive/2023/texmf-dist/tex/generic/pgf/math/pgfmathfunctions.trigonometric
.code.tex)
(c:/texlive/2023/texmf-dist/tex/generic/pgf/math/pgfmathfunctions.random.code.t
ex)
(c:/texlive/2023/texmf-dist/tex/generic/pgf/math/pgfmathfunctions.comparison.co
de.tex)
(c:/texlive/2023/texmf-dist/tex/generic/pgf/math/pgfmathfunctions.base.code.tex
)
(c:/texlive/2023/texmf-dist/tex/generic/pgf/math/pgfmathfunctions.round.code.te
x)
(c:/texlive/2023/texmf-dist/tex/generic/pgf/math/pgfmathfunctions.misc.code.tex
)
(c:/texlive/2023/texmf-dist/tex/generic/pgf/math/pgfmathfunctions.integerarithm
etics.code.tex)
(c:/texlive/2023/texmf-dist/tex/generic/pgf/math/pgfmathcalc.code.tex)
(c:/texlive/2023/texmf-dist/tex/generic/pgf/math/pgfmathfloat.code.tex
\c@pgfmathroundto@lastzeros=\count288
))
(c:/texlive/2023/texmf-dist/tex/generic/pgf/math/pgfint.code.tex)
(c:/texlive/2023/texmf-dist/tex/generic/pgf/basiclayer/pgfcorepoints.code.tex
File: pgfcorepoints.code.tex 2023-01-15 v3.1.10 (3.1.10)
\pgf@picminx=\dimen174
\pgf@picmaxx=\dimen175
\pgf@picminy=\dimen176
\pgf@picmaxy=\dimen177
\pgf@pathminx=\dimen178
\pgf@pathmaxx=\dimen179
\pgf@pathminy=\dimen180
\pgf@pathmaxy=\dimen181
\pgf@xx=\dimen182
\pgf@xy=\dimen183
\pgf@yx=\dimen184
\pgf@yy=\dimen185
\pgf@zx=\dimen186
\pgf@zy=\dimen187
)
(c:/texlive/2023/texmf-dist/tex/generic/pgf/basiclayer/pgfcorepathconstruct.cod
e.tex
File: pgfcorepathconstruct.code.tex 2023-01-15 v3.1.10 (3.1.10)
\pgf@path@lastx=\dimen188
\pgf@path@lasty=\dimen189
)
(c:/texlive/2023/texmf-dist/tex/generic/pgf/basiclayer/pgfcorepathusage.code.te
x
File: pgfcorepathusage.code.tex 2023-01-15 v3.1.10 (3.1.10)
\pgf@shorten@end@additional=\dimen190
\pgf@shorten@start@additional=\dimen191
)
(c:/texlive/2023/texmf-dist/tex/generic/pgf/basiclayer/pgfcorescopes.code.tex
File: pgfcorescopes.code.tex 2023-01-15 v3.1.10 (3.1.10)
\pgfpic=\box63
\pgf@hbox=\box64
\pgf@layerbox@main=\box65
\pgf@picture@serial@count=\count289
)
(c:/texlive/2023/texmf-dist/tex/generic/pgf/basiclayer/pgfcoregraphicstate.code
.tex
File: pgfcoregraphicstate.code.tex 2023-01-15 v3.1.10 (3.1.10)
\pgflinewidth=\dimen192
)
(c:/texlive/2023/texmf-dist/tex/generic/pgf/basiclayer/pgfcoretransformations.c
ode.tex
File: pgfcoretransformations.code.tex 2023-01-15 v3.1.10 (3.1.10)
\pgf@pt@x=\dimen193
\pgf@pt@y=\dimen194
\pgf@pt@temp=\dimen195
)
(c:/texlive/2023/texmf-dist/tex/generic/pgf/basiclayer/pgfcorequick.code.tex
File: pgfcorequick.code.tex 2023-01-15 v3.1.10 (3.1.10)
)
(c:/texlive/2023/texmf-dist/tex/generic/pgf/basiclayer/pgfcoreobjects.code.tex
File: pgfcoreobjects.code.tex 2023-01-15 v3.1.10 (3.1.10)
)
(c:/texlive/2023/texmf-dist/tex/generic/pgf/basiclayer/pgfcorepathprocessing.co
de.tex
File: pgfcorepathprocessing.code.tex 2023-01-15 v3.1.10 (3.1.10)
)
(c:/texlive/2023/texmf-dist/tex/generic/pgf/basiclayer/pgfcorearrows.code.tex
File: pgfcorearrows.code.tex 2023-01-15 v3.1.10 (3.1.10)
\pgfarrowsep=\dimen196
)
(c:/texlive/2023/texmf-dist/tex/generic/pgf/basiclayer/pgfcoreshade.code.tex
File: pgfcoreshade.code.tex 2023-01-15 v3.1.10 (3.1.10)
\pgf@max=\dimen197
\pgf@sys@shading@range@num=\count290
\pgf@shadingcount=\count291
)
(c:/texlive/2023/texmf-dist/tex/generic/pgf/basiclayer/pgfcoreimage.code.tex
File: pgfcoreimage.code.tex 2023-01-15 v3.1.10 (3.1.10)
)
(c:/texlive/2023/texmf-dist/tex/generic/pgf/basiclayer/pgfcoreexternal.code.tex
File: pgfcoreexternal.code.tex 2023-01-15 v3.1.10 (3.1.10)
\pgfexternal@startupbox=\box66
) (c:/texlive/2023/texmf-dist/tex/generic/pgf/basiclayer/pgfcorelayers.code.tex
File: pgfcorelayers.code.tex 2023-01-15 v3.1.10 (3.1.10)
)
(c:/texlive/2023/texmf-dist/tex/generic/pgf/basiclayer/pgfcoretransparency.code
.tex
File: pgfcoretransparency.code.tex 2023-01-15 v3.1.10 (3.1.10)
)
(c:/texlive/2023/texmf-dist/tex/generic/pgf/basiclayer/pgfcorepatterns.code.tex
File: pgfcorepatterns.code.tex 2023-01-15 v3.1.10 (3.1.10)
) (c:/texlive/2023/texmf-dist/tex/generic/pgf/basiclayer/pgfcorerdf.code.tex
File: pgfcorerdf.code.tex 2023-01-15 v3.1.10 (3.1.10)
))) (c:/texlive/2023/texmf-dist/tex/generic/pgf/modules/pgfmoduleshapes.code.te
x
File: pgfmoduleshapes.code.tex 2023-01-15 v3.1.10 (3.1.10)
\pgfnodeparttextbox=\box67
)
(c:/texlive/2023/texmf-dist/tex/generic/pgf/modules/pgfmoduleplot.code.tex
File: pgfmoduleplot.code.tex 2023-01-15 v3.1.10 (3.1.10)
)
(c:/texlive/2023/texmf-dist/tex/latex/pgf/compatibility/pgfcomp-version-0-65.st
y
Package: pgfcomp-version-0-65 2023-01-15 v3.1.10 (3.1.10)
\pgf@nodesepstart=\dimen198
\pgf@nodesepend=\dimen199
)
(c:/texlive/2023/texmf-dist/tex/latex/pgf/compatibility/pgfcomp-version-1-18.st
y
Package: pgfcomp-version-1-18 2023-01-15 v3.1.10 (3.1.10)
)) (c:/texlive/2023/texmf-dist/tex/latex/tools/verbatim.sty
Package: verbatim 2022-07-02 v1.5u LaTeX2e package for verbatim enhancements
\every@verbatim=\toks48
\verbatim@line=\toks49
\verbatim@in@stream=\read4
)
(c:/texlive/2023/texmf-dist/tex/latex/environ/environ.sty
Package: environ 2014/05/04 v0.3 A new way to define environments

(c:/texlive/2023/texmf-dist/tex/latex/trimspaces/trimspaces.sty
Package: trimspaces 2009/09/17 v1.1 Trim spaces around a token list
))
(c:/texlive/2023/texmf-dist/tex/latex/etoolbox/etoolbox.sty
Package: etoolbox 2020/10/05 v2.5k e-TeX tools for LaTeX (JAW)
\etb@tempcnta=\count292
)
\tcb@titlebox=\box68
\tcb@upperbox=\box69
\tcb@lowerbox=\box70
\tcb@phantombox=\box71
\c@tcbbreakpart=\count293
\c@tcblayer=\count294
\c@tcolorbox@number=\count295
\tcb@temp=\box72
\tcb@temp=\box73
\tcb@temp=\box74
\tcb@temp=\box75
)
(c:/texlive/2023/texmf-dist/tex/latex/mdframed/mdframed.sty
Package: mdframed 2013/07/01 1.9b: mdframed

(c:/texlive/2023/texmf-dist/tex/latex/l3packages/xparse/xparse.sty
(c:/texlive/2023/texmf-dist/tex/latex/l3kernel/expl3.sty
Package: expl3 2023-02-22 L3 programming layer (loader) 

(c:/texlive/2023/texmf-dist/tex/latex/l3backend/l3backend-pdftex.def
File: l3backend-pdftex.def 2023-01-16 L3 backend support: PDF output (pdfTeX)
\l__color_backend_stack_int=\count296
\l__pdf_internal_box=\box76
))
Package: xparse 2023-02-02 L3 Experimental document command parser
)
(c:/texlive/2023/texmf-dist/tex/latex/zref/zref-abspage.sty
Package: zref-abspage 2022-04-07 v2.34 Module abspage for zref (HO)

(c:/texlive/2023/texmf-dist/tex/latex/zref/zref-base.sty
Package: zref-base 2022-04-07 v2.34 Module base for zref (HO)

(c:/texlive/2023/texmf-dist/tex/generic/etexcmds/etexcmds.sty
Package: etexcmds 2019/12/15 v1.7 Avoid name clashes with e-TeX commands (HO)
)
(c:/texlive/2023/texmf-dist/tex/latex/auxhook/auxhook.sty
Package: auxhook 2019-12-17 v1.6 Hooks for auxiliary files (HO)
)
Package zref Info: New property list: main on input line 767.
Package zref Info: New property: default on input line 768.
Package zref Info: New property: page on input line 769.
)
(c:/texlive/2023/texmf-dist/tex/latex/base/atbegshi-ltx.sty
Package: atbegshi-ltx 2021/01/10 v1.0c Emulation of the original atbegshi
package with kernel methods
)
\c@abspage=\count297
Package zref Info: New property: abspage on input line 65.
)
(c:/texlive/2023/texmf-dist/tex/latex/needspace/needspace.sty
Package: needspace 2010/09/12 v1.3d reserve vertical space
)
\mdf@templength=\skip69
\c@mdf@globalstyle@cnt=\count298
\mdf@skipabove@length=\skip70
\mdf@skipbelow@length=\skip71
\mdf@leftmargin@length=\skip72
\mdf@rightmargin@length=\skip73
\mdf@innerleftmargin@length=\skip74
\mdf@innerrightmargin@length=\skip75
\mdf@innertopmargin@length=\skip76
\mdf@innerbottommargin@length=\skip77
\mdf@splittopskip@length=\skip78
\mdf@splitbottomskip@length=\skip79
\mdf@outermargin@length=\skip80
\mdf@innermargin@length=\skip81
\mdf@linewidth@length=\skip82
\mdf@innerlinewidth@length=\skip83
\mdf@middlelinewidth@length=\skip84
\mdf@outerlinewidth@length=\skip85
\mdf@roundcorner@length=\skip86
\mdf@footenotedistance@length=\skip87
\mdf@userdefinedwidth@length=\skip88
\mdf@needspace@length=\skip89
\mdf@frametitleaboveskip@length=\skip90
\mdf@frametitlebelowskip@length=\skip91
\mdf@frametitlerulewidth@length=\skip92
\mdf@frametitleleftmargin@length=\skip93
\mdf@frametitlerightmargin@length=\skip94
\mdf@shadowsize@length=\skip95
\mdf@extratopheight@length=\skip96
\mdf@subtitleabovelinewidth@length=\skip97
\mdf@subtitlebelowlinewidth@length=\skip98
\mdf@subtitleaboveskip@length=\skip99
\mdf@subtitlebelowskip@length=\skip100
\mdf@subtitleinneraboveskip@length=\skip101
\mdf@subtitleinnerbelowskip@length=\skip102
\mdf@subsubtitleabovelinewidth@length=\skip103
\mdf@subsubtitlebelowlinewidth@length=\skip104
\mdf@subsubtitleaboveskip@length=\skip105
\mdf@subsubtitlebelowskip@length=\skip106
\mdf@subsubtitleinneraboveskip@length=\skip107
\mdf@subsubtitleinnerbelowskip@length=\skip108

(c:/texlive/2023/texmf-dist/tex/latex/mdframed/md-frame-0.mdf
File: md-frame-0.mdf 2013/07/01\ 1.9b: md-frame-0
)
\mdf@frametitlebox=\box77
\mdf@footnotebox=\box78
\mdf@splitbox@one=\box79
\mdf@splitbox@two=\box80
\mdf@splitbox@save=\box81
\mdfsplitboxwidth=\skip109
\mdfsplitboxtotalwidth=\skip110
\mdfsplitboxheight=\skip111
\mdfsplitboxdepth=\skip112
\mdfsplitboxtotalheight=\skip113
\mdfframetitleboxwidth=\skip114
\mdfframetitleboxtotalwidth=\skip115
\mdfframetitleboxheight=\skip116
\mdfframetitleboxdepth=\skip117
\mdfframetitleboxtotalheight=\skip118
\mdffootnoteboxwidth=\skip119
\mdffootnoteboxtotalwidth=\skip120
\mdffootnoteboxheight=\skip121
\mdffootnoteboxdepth=\skip122
\mdffootnoteboxtotalheight=\skip123
\mdftotallinewidth=\skip124
\mdfboundingboxwidth=\skip125
\mdfboundingboxtotalwidth=\skip126
\mdfboundingboxheight=\skip127
\mdfboundingboxdepth=\skip128
\mdfboundingboxtotalheight=\skip129
\mdf@freevspace@length=\skip130
\mdf@horizontalwidthofbox@length=\skip131
\mdf@verticalmarginwhole@length=\skip132
\mdf@horizontalspaceofbox=\skip133
\mdfsubtitleheight=\skip134
\mdfsubsubtitleheight=\skip135
\c@mdfcountframes=\count299

****** mdframed patching \endmdf@trivlist

****** -- success******

\mdf@envdepth=\count300
\c@mdf@env@i=\count301
\c@mdf@env@ii=\count302
\c@mdf@zref@counter=\count303
Package zref Info: New property: mdf@pagevalue on input line 895.
)
(c:/texlive/2023/texmf-dist/tex/latex/framed/framed.sty
Package: framed 2011/10/22 v 0.96: framed or shaded text with page breaks
\OuterFrameSep=\skip136
\fb@frw=\dimen256
\fb@frh=\dimen257
\FrameRule=\dimen258
\FrameSep=\dimen259
)
(c:/texlive/2023/texmf-dist/tex/latex/graphbox/graphbox.sty
Package: graphbox 2018/01/17 v1.1 extension for graphicx to adjust containing b
ox
\Gin@box@box=\box82
\Gin@box@width=\skip137
\Gin@box@height=\skip138
\Gin@box@raise=\skip139
\Gin@box@hspace=\skip140
\Gin@box@bwidth=\skip141
\Gin@box@bheight=\skip142
)
(c:/texlive/2023/texmf-dist/tex/latex/makecell/makecell.sty
Package: makecell 2009/08/03 V0.1e Managing of Tab Column Heads and Cells

(c:/texlive/2023/texmf-dist/tex/latex/tools/array.sty
Package: array 2022/09/04 v2.5g Tabular extension package (FMi)
\col@sep=\dimen260
\ar@mcellbox=\box83
\extrarowheight=\dimen261
\NC@list=\toks50
\extratabsurround=\skip143
\backup@length=\skip144
\ar@cellbox=\box84
)
\rotheadsize=\dimen262
\c@nlinenum=\count304
\TeXr@lab=\toks51
)
(c:/texlive/2023/texmf-dist/tex/latex/diagbox/diagbox.sty
Package: diagbox 2020/02/09 v2.3 Making table heads with diagonal lines

(c:/texlive/2023/texmf-dist/tex/latex/pict2e/pict2e.sty
Package: pict2e 2020/09/30 v0.4b Improved picture commands (HjG,RN,JT)

(c:/texlive/2023/texmf-dist/tex/latex/pict2e/pict2e.cfg
File: pict2e.cfg 2016/02/05 v0.1u pict2e configuration for teTeX/TeXLive
)
Package pict2e Info: Driver file: pdftex.def on input line 112.
Package pict2e Info: Driver file for pict2e: p2e-pdftex.def on input line 114.

(c:/texlive/2023/texmf-dist/tex/latex/pict2e/p2e-pdftex.def
File: p2e-pdftex.def 2016/02/05 v0.1u Driver-dependant file (RN,HjG,JT)
)
\pIIe@GRAPH=\toks52
\@arclen=\dimen263
\@arcrad=\dimen264
\pIIe@tempdima=\dimen265
\pIIe@tempdimb=\dimen266
\pIIe@tempdimc=\dimen267
\pIIe@tempdimd=\dimen268
\pIIe@tempdime=\dimen269
\pIIe@tempdimf=\dimen270
)
(c:/texlive/2023/texmf-dist/tex/latex/tools/calc.sty
Package: calc 2017/05/25 v4.3 Infix arithmetic (KKT,FJ)
\calc@Acount=\count305
\calc@Bcount=\count306
\calc@Adimen=\dimen271
\calc@Bdimen=\dimen272
\calc@Askip=\skip145
\calc@Bskip=\skip146
LaTeX Info: Redefining \setlength on input line 80.
LaTeX Info: Redefining \addtolength on input line 81.
\calc@Ccount=\count307
\calc@Cskip=\skip147
)
\diagbox@boxa=\box85
\diagbox@boxb=\box86
\diagbox@boxm=\box87
\diagbox@wd=\dimen273
\diagbox@ht=\dimen274
\diagbox@insepl=\dimen275
\diagbox@insepr=\dimen276
\diagbox@outsepl=\dimen277
\diagbox@outsepr=\dimen278
)
(c:/texlive/2023/texmf-dist/tex/latex/booktabs/booktabs.sty
Package: booktabs 2020/01/12 v1.61803398 Publication quality tables
\heavyrulewidth=\dimen279
\lightrulewidth=\dimen280
\cmidrulewidth=\dimen281
\belowrulesep=\dimen282
\belowbottomsep=\dimen283
\aboverulesep=\dimen284
\abovetopsep=\dimen285
\cmidrulesep=\dimen286
\cmidrulekern=\dimen287
\defaultaddspace=\dimen288
\@cmidla=\count308
\@cmidlb=\count309
\@aboverulesep=\dimen289
\@belowrulesep=\dimen290
\@thisruleclass=\count310
\@lastruleclass=\count311
\@thisrulewidth=\dimen291
)
\c@definition=\count312
\c@theorem=\count313
\c@remark=\count314
\c@example=\count315
\c@proposition=\count316
\c@algorithm=\count317

(./signature_2023_ver_1.aux)
\openout1 = `signature_2023_ver_1.aux'.

LaTeX Font Info:    Checking defaults for OML/cmm/m/it on input line 57.
LaTeX Font Info:    ... okay on input line 57.
LaTeX Font Info:    Checking defaults for OMS/cmsy/m/n on input line 57.
LaTeX Font Info:    ... okay on input line 57.
LaTeX Font Info:    Checking defaults for OT1/cmr/m/n on input line 57.
LaTeX Font Info:    ... okay on input line 57.
LaTeX Font Info:    Checking defaults for T1/cmr/m/n on input line 57.
LaTeX Font Info:    ... okay on input line 57.
LaTeX Font Info:    Checking defaults for TS1/cmr/m/n on input line 57.
LaTeX Font Info:    ... okay on input line 57.
LaTeX Font Info:    Checking defaults for OMX/cmex/m/n on input line 57.
LaTeX Font Info:    ... okay on input line 57.
LaTeX Font Info:    Checking defaults for U/cmr/m/n on input line 57.
LaTeX Font Info:    ... okay on input line 57.

(c:/texlive/2023/texmf-dist/tex/context/base/mkii/supp-pdf.mkii
[Loading MPS to PDF converter (version 2006.09.02).]
\scratchcounter=\count318
\scratchdimen=\dimen292
\scratchbox=\box88
\nofMPsegments=\count319
\nofMParguments=\count320
\everyMPshowfont=\toks53
\MPscratchCnt=\count321
\MPscratchDim=\dimen293
\MPnumerator=\count322
\makeMPintoPDFobject=\count323
\everyMPtoPDFconversion=\toks54
)
LaTeX Font Info:    Trying to load font information for U+msa on input line 59.

 (c:/texlive/2023/texmf-dist/tex/latex/amsfonts/umsa.fd
File: umsa.fd 2013/01/14 v3.01 AMS symbols A
)
LaTeX Font Info:    Trying to load font information for U+msb on input line 59.


(c:/texlive/2023/texmf-dist/tex/latex/amsfonts/umsb.fd
File: umsb.fd 2013/01/14 v3.01 AMS symbols B
)

pdfTeX warning: pdflatex.exe (file ./fig//structure//Neural-Sig.pdf): PDF inclu
sion: found PDF version <1.7>, but at most version <1.5> allowed
<fig//structure//Neural-Sig.pdf, id=4, 815.08513pt x 130.92915pt>
File: fig//structure//Neural-Sig.pdf Graphic file (type pdf)
<use fig//structure//Neural-Sig.pdf>
Package pdftex.def Info: fig//structure//Neural-Sig.pdf  used on input line 73.

(pdftex.def)             Requested size: 310.4979pt x 49.87544pt.


pdfTeX warning: pdflatex.exe (file ./fig//structure//RNN.pdf): PDF inclusion: f
ound PDF version <1.7>, but at most version <1.5> allowed
<fig//structure//RNN.pdf, id=5, 744.01964pt x 543.4704pt>
File: fig//structure//RNN.pdf Graphic file (type pdf)
<use fig//structure//RNN.pdf>
Package pdftex.def Info: fig//structure//RNN.pdf  used on input line 80.
(pdftex.def)             Requested size: 310.4979pt x 226.80478pt.
[1

{c:/texlive/2023/texmf-var/fonts/map/pdftex/updmap/pdftex.map}{c:/texlive/2023/
texmf-dist/fonts/enc/dvips/cm-super/cm-super-ts1.enc} <./fig//structure//Neural
-Sig.pdf>]

pdfTeX warning: pdflatex.exe (file ./fig//structure//DeepSigNet.pdf): PDF inclu
sion: found PDF version <1.7>, but at most version <1.5> allowed
<fig//structure//DeepSigNet.pdf, id=39, 829.29826pt x 116.71605pt>
File: fig//structure//DeepSigNet.pdf Graphic file (type pdf)
<use fig//structure//DeepSigNet.pdf>
Package pdftex.def Info: fig//structure//DeepSigNet.pdf  used on input line 88.

(pdftex.def)             Requested size: 310.4979pt x 43.69894pt.

Overfull \hbox (5.08395pt too wide) in paragraph at lines 85--91
[]\OT1/cmr/m/n/10 DeepSigNet model shown in Fig-ure 3[] fea-tured a sin-gle Neu
ral-Lift-Signature
 []

[2 <./fig//structure//RNN.pdf> <./fig//structure//DeepSigNet.pdf

pdfTeX warning: pdflatex.exe (file ./fig//structure//DeepSigNet.pdf): PDF inclu
sion: multiple pdfs with page group included in a single page
>] [3]
Package epstopdf Info: Source file: <fig//reproduce//round1.eps>
(epstopdf)                    date: 2023-10-09 22:24:25
(epstopdf)                    size: 45767 bytes
(epstopdf)             Output file: <fig//reproduce//round1-eps-converted-to.pd
f>
(epstopdf)                    date: 2023-10-12 16:05:47
(epstopdf)                    size: 21060 bytes
(epstopdf)             Command: <repstopdf --outfile=fig//reproduce//round1-eps
-converted-to.pdf fig//reproduce//round1.eps>
(epstopdf)             \includegraphics on input line 128.
Package epstopdf Info: Output file is already uptodate.
<fig//reproduce//round1-eps-converted-to.pdf, id=104, 652.4375pt x 604.2575pt>
File: fig//reproduce//round1-eps-converted-to.pdf Graphic file (type pdf)
<use fig//reproduce//round1-eps-converted-to.pdf>
Package pdftex.def Info: fig//reproduce//round1-eps-converted-to.pdf  used on i
nput line 128.
(pdftex.def)             Requested size: 110.40253pt x 102.24297pt.
Package epstopdf Info: Source file: <fig//reproduce//round2.eps>
(epstopdf)                    date: 2023-10-09 23:06:20
(epstopdf)                    size: 44929 bytes
(epstopdf)             Output file: <fig//reproduce//round2-eps-converted-to.pd
f>
(epstopdf)                    date: 2023-10-12 16:05:48
(epstopdf)                    size: 21036 bytes
(epstopdf)             Command: <repstopdf --outfile=fig//reproduce//round2-eps
-converted-to.pdf fig//reproduce//round2.eps>
(epstopdf)             \includegraphics on input line 129.
Package epstopdf Info: Output file is already uptodate.
<fig//reproduce//round2-eps-converted-to.pdf, id=105, 652.4375pt x 604.2575pt>
File: fig//reproduce//round2-eps-converted-to.pdf Graphic file (type pdf)
<use fig//reproduce//round2-eps-converted-to.pdf>
Package pdftex.def Info: fig//reproduce//round2-eps-converted-to.pdf  used on i
nput line 129.
(pdftex.def)             Requested size: 110.40253pt x 102.24297pt.
Package epstopdf Info: Source file: <fig//reproduce//round3.eps>
(epstopdf)                    date: 2023-10-10 07:59:47
(epstopdf)                    size: 45123 bytes
(epstopdf)             Output file: <fig//reproduce//round3-eps-converted-to.pd
f>
(epstopdf)                    date: 2023-10-12 16:05:49
(epstopdf)                    size: 21062 bytes
(epstopdf)             Command: <repstopdf --outfile=fig//reproduce//round3-eps
-converted-to.pdf fig//reproduce//round3.eps>
(epstopdf)             \includegraphics on input line 130.
Package epstopdf Info: Output file is already uptodate.
<fig//reproduce//round3-eps-converted-to.pdf, id=106, 652.4375pt x 604.2575pt>
File: fig//reproduce//round3-eps-converted-to.pdf Graphic file (type pdf)
<use fig//reproduce//round3-eps-converted-to.pdf>
Package pdftex.def Info: fig//reproduce//round3-eps-converted-to.pdf  used on i
nput line 130.
(pdftex.def)             Requested size: 110.40253pt x 102.24297pt.
 [4 <./fig//reproduce//round1-eps-converted-to.pdf> <./fig//reproduce//round2-e
ps-converted-to.pdf> <./fig//reproduce//round3-eps-converted-to.pdf>]
Package epstopdf Info: Source file: <fig//reproduce//diffH1.eps>
(epstopdf)                    date: 2023-10-10 09:18:44
(epstopdf)                    size: 47797 bytes
(epstopdf)             Output file: <fig//reproduce//diffH1-eps-converted-to.pd
f>
(epstopdf)                    date: 2023-10-12 16:05:50
(epstopdf)                    size: 21232 bytes
(epstopdf)             Command: <repstopdf --outfile=fig//reproduce//diffH1-eps
-converted-to.pdf fig//reproduce//diffH1.eps>
(epstopdf)             \includegraphics on input line 184.
Package epstopdf Info: Output file is already uptodate.
<fig//reproduce//diffH1-eps-converted-to.pdf, id=240, 652.4375pt x 604.2575pt>
File: fig//reproduce//diffH1-eps-converted-to.pdf Graphic file (type pdf)
<use fig//reproduce//diffH1-eps-converted-to.pdf>
Package pdftex.def Info: fig//reproduce//diffH1-eps-converted-to.pdf  used on i
nput line 184.
(pdftex.def)             Requested size: 110.40253pt x 102.24297pt.
Package epstopdf Info: Source file: <fig//reproduce//diffH2.eps>
(epstopdf)                    date: 2023-10-10 14:39:30
(epstopdf)                    size: 45945 bytes
(epstopdf)             Output file: <fig//reproduce//diffH2-eps-converted-to.pd
f>
(epstopdf)                    date: 2023-10-12 16:05:50
(epstopdf)                    size: 20939 bytes
(epstopdf)             Command: <repstopdf --outfile=fig//reproduce//diffH2-eps
-converted-to.pdf fig//reproduce//diffH2.eps>
(epstopdf)             \includegraphics on input line 185.
Package epstopdf Info: Output file is already uptodate.
<fig//reproduce//diffH2-eps-converted-to.pdf, id=241, 652.4375pt x 604.2575pt>
File: fig//reproduce//diffH2-eps-converted-to.pdf Graphic file (type pdf)
<use fig//reproduce//diffH2-eps-converted-to.pdf>
Package pdftex.def Info: fig//reproduce//diffH2-eps-converted-to.pdf  used on i
nput line 185.
(pdftex.def)             Requested size: 110.40253pt x 102.24297pt.
Package epstopdf Info: Source file: <fig//reproduce//diffH3.eps>
(epstopdf)                    date: 2023-10-10 10:43:56
(epstopdf)                    size: 44335 bytes
(epstopdf)             Output file: <fig//reproduce//diffH3-eps-converted-to.pd
f>
(epstopdf)                    date: 2023-10-12 16:05:51
(epstopdf)                    size: 20739 bytes
(epstopdf)             Command: <repstopdf --outfile=fig//reproduce//diffH3-eps
-converted-to.pdf fig//reproduce//diffH3.eps>
(epstopdf)             \includegraphics on input line 186.
Package epstopdf Info: Output file is already uptodate.
<fig//reproduce//diffH3-eps-converted-to.pdf, id=242, 652.4375pt x 604.2575pt>
File: fig//reproduce//diffH3-eps-converted-to.pdf Graphic file (type pdf)
<use fig//reproduce//diffH3-eps-converted-to.pdf>
Package pdftex.def Info: fig//reproduce//diffH3-eps-converted-to.pdf  used on i
nput line 186.
(pdftex.def)             Requested size: 110.40253pt x 102.24297pt.

[5 <./fig//reproduce//diffH1-eps-converted-to.pdf> <./fig//reproduce//diffH2-ep
s-converted-to.pdf> <./fig//reproduce//diffH3-eps-converted-to.pdf>]
Package epstopdf Info: Source file: <fig//reproduce//difforder1.eps>
(epstopdf)                    date: 2023-10-10 16:56:18
(epstopdf)                    size: 29703 bytes
(epstopdf)             Output file: <fig//reproduce//difforder1-eps-converted-t
o.pdf>
(epstopdf)                    date: 2023-10-12 16:05:52
(epstopdf)                    size: 15634 bytes
(epstopdf)             Command: <repstopdf --outfile=fig//reproduce//difforder1
-eps-converted-to.pdf fig//reproduce//difforder1.eps>
(epstopdf)             \includegraphics on input line 235.
Package epstopdf Info: Output file is already uptodate.
<fig//reproduce//difforder1-eps-converted-to.pdf, id=375, 652.4375pt x 551.0587
5pt>
File: fig//reproduce//difforder1-eps-converted-to.pdf Graphic file (type pdf)
<use fig//reproduce//difforder1-eps-converted-to.pdf>
Package pdftex.def Info: fig//reproduce//difforder1-eps-converted-to.pdf  used 
on input line 235.
(pdftex.def)             Requested size: 110.40253pt x 93.2415pt.
Package epstopdf Info: Source file: <fig//reproduce//difforder2.eps>
(epstopdf)                    date: 2023-10-10 17:34:28
(epstopdf)                    size: 33582 bytes
(epstopdf)             Output file: <fig//reproduce//difforder2-eps-converted-t
o.pdf>
(epstopdf)                    date: 2023-10-12 16:05:52
(epstopdf)                    size: 16438 bytes
(epstopdf)             Command: <repstopdf --outfile=fig//reproduce//difforder2
-eps-converted-to.pdf fig//reproduce//difforder2.eps>
(epstopdf)             \includegraphics on input line 236.
Package epstopdf Info: Output file is already uptodate.
<fig//reproduce//difforder2-eps-converted-to.pdf, id=376, 652.4375pt x 551.0587
5pt>
File: fig//reproduce//difforder2-eps-converted-to.pdf Graphic file (type pdf)
<use fig//reproduce//difforder2-eps-converted-to.pdf>
Package pdftex.def Info: fig//reproduce//difforder2-eps-converted-to.pdf  used 
on input line 236.
(pdftex.def)             Requested size: 110.40253pt x 93.2415pt.
Package epstopdf Info: Source file: <fig//reproduce//difforder3.eps>
(epstopdf)                    date: 2023-10-10 18:13:43
(epstopdf)                    size: 33585 bytes
(epstopdf)             Output file: <fig//reproduce//difforder3-eps-converted-t
o.pdf>
(epstopdf)                    date: 2023-10-12 16:05:53
(epstopdf)                    size: 16500 bytes
(epstopdf)             Command: <repstopdf --outfile=fig//reproduce//difforder3
-eps-converted-to.pdf fig//reproduce//difforder3.eps>
(epstopdf)             \includegraphics on input line 237.
Package epstopdf Info: Output file is already uptodate.
<fig//reproduce//difforder3-eps-converted-to.pdf, id=377, 652.4375pt x 551.0587
5pt>
File: fig//reproduce//difforder3-eps-converted-to.pdf Graphic file (type pdf)
<use fig//reproduce//difforder3-eps-converted-to.pdf>
Package pdftex.def Info: fig//reproduce//difforder3-eps-converted-to.pdf  used 
on input line 237.
(pdftex.def)             Requested size: 110.40253pt x 93.2415pt.
Package epstopdf Info: Source file: <fig//reproduce//difforder4.eps>
(epstopdf)                    date: 2023-10-11 12:39:44
(epstopdf)                    size: 33586 bytes
(epstopdf)             Output file: <fig//reproduce//difforder4-eps-converted-t
o.pdf>
(epstopdf)                    date: 2023-10-12 16:05:54
(epstopdf)                    size: 16487 bytes
(epstopdf)             Command: <repstopdf --outfile=fig//reproduce//difforder4
-eps-converted-to.pdf fig//reproduce//difforder4.eps>
(epstopdf)             \includegraphics on input line 238.
Package epstopdf Info: Output file is already uptodate.
<fig//reproduce//difforder4-eps-converted-to.pdf, id=378, 652.4375pt x 551.0587
5pt>
File: fig//reproduce//difforder4-eps-converted-to.pdf Graphic file (type pdf)
<use fig//reproduce//difforder4-eps-converted-to.pdf>
Package pdftex.def Info: fig//reproduce//difforder4-eps-converted-to.pdf  used 
on input line 238.
(pdftex.def)             Requested size: 110.40253pt x 93.2415pt.
Package epstopdf Info: Source file: <fig//reproduce//difforder5.eps>
(epstopdf)                    date: 2023-10-11 14:59:08
(epstopdf)                    size: 30049 bytes
(epstopdf)             Output file: <fig//reproduce//difforder5-eps-converted-t
o.pdf>
(epstopdf)                    date: 2023-10-12 16:05:54
(epstopdf)                    size: 15847 bytes
(epstopdf)             Command: <repstopdf --outfile=fig//reproduce//difforder5
-eps-converted-to.pdf fig//reproduce//difforder5.eps>
(epstopdf)             \includegraphics on input line 239.
Package epstopdf Info: Output file is already uptodate.
<fig//reproduce//difforder5-eps-converted-to.pdf, id=379, 652.4375pt x 551.0587
5pt>
File: fig//reproduce//difforder5-eps-converted-to.pdf Graphic file (type pdf)
<use fig//reproduce//difforder5-eps-converted-to.pdf>
Package pdftex.def Info: fig//reproduce//difforder5-eps-converted-to.pdf  used 
on input line 239.
(pdftex.def)             Requested size: 110.40253pt x 93.2415pt.
Package epstopdf Info: Source file: <fig//reproduce//difforder6.eps>
(epstopdf)                    date: 2023-10-11 20:33:47
(epstopdf)                    size: 29364 bytes
(epstopdf)             Output file: <fig//reproduce//difforder6-eps-converted-t
o.pdf>
(epstopdf)                    date: 2023-10-12 16:05:55
(epstopdf)                    size: 15820 bytes
(epstopdf)             Command: <repstopdf --outfile=fig//reproduce//difforder6
-eps-converted-to.pdf fig//reproduce//difforder6.eps>
(epstopdf)             \includegraphics on input line 240.
Package epstopdf Info: Output file is already uptodate.
<fig//reproduce//difforder6-eps-converted-to.pdf, id=380, 652.4375pt x 551.0587
5pt>
File: fig//reproduce//difforder6-eps-converted-to.pdf Graphic file (type pdf)
<use fig//reproduce//difforder6-eps-converted-to.pdf>
Package pdftex.def Info: fig//reproduce//difforder6-eps-converted-to.pdf  used 
on input line 240.
(pdftex.def)             Requested size: 110.40253pt x 93.2415pt.
 [6]
Overfull \hbox (5.54587pt too wide) in paragraph at lines 245--245
[]\OT1/cmr/bx/n/12 Supervised learn-ing with rough He-s-ton volatil-ity model 
 []

[7 <./fig//reproduce//difforder1-eps-converted-to.pdf> <./fig//reproduce//diffo
rder2-eps-converted-to.pdf> <./fig//reproduce//difforder3-eps-converted-to.pdf>
 <./fig//reproduce//difforder4-eps-converted-to.pdf> <./fig//reproduce//difford
er5-eps-converted-to.pdf> <./fig//reproduce//difforder6-eps-converted-to.pdf>]
Package epstopdf Info: Source file: <fig//volatility//fast_Gaussion.eps>
(epstopdf)                    date: 2023-10-18 18:09:33
(epstopdf)                    size: 44516 bytes
(epstopdf)             Output file: <fig//volatility//fast_Gaussion-eps-convert
ed-to.pdf>
(epstopdf)                    date: 2023-10-20 10:04:38
(epstopdf)                    size: 20614 bytes
(epstopdf)             Command: <repstopdf --outfile=fig//volatility//fast_Gaus
sion-eps-converted-to.pdf fig//volatility//fast_Gaussion.eps>
(epstopdf)             \includegraphics on input line 285.
Package epstopdf Info: Output file is already uptodate.
<fig//volatility//fast_Gaussion-eps-converted-to.pdf, id=601, 652.4375pt x 604.
2575pt>
File: fig//volatility//fast_Gaussion-eps-converted-to.pdf Graphic file (type pd
f)
<use fig//volatility//fast_Gaussion-eps-converted-to.pdf>
Package pdftex.def Info: fig//volatility//fast_Gaussion-eps-converted-to.pdf  u
sed on input line 285.
(pdftex.def)             Requested size: 169.0519pt x 156.56847pt.
Package epstopdf Info: Source file: <fig//volatility//MarkovSimulation_Gaussion
.eps>
(epstopdf)                    date: 2023-10-19 21:18:23
(epstopdf)                    size: 46563 bytes
(epstopdf)             Output file: <fig//volatility//MarkovSimulation_Gaussion
-eps-converted-to.pdf>
(epstopdf)                    date: 2023-10-20 10:04:39
(epstopdf)                    size: 20819 bytes
(epstopdf)             Command: <repstopdf --outfile=fig//volatility//MarkovSim
ulation_Gaussion-eps-converted-to.pdf fig//volatility//MarkovSimulation_Gaussio
n.eps>
(epstopdf)             \includegraphics on input line 286.
Package epstopdf Info: Output file is already uptodate.
<fig//volatility//MarkovSimulation_Gaussion-eps-converted-to.pdf, id=602, 652.4
375pt x 604.2575pt>
File: fig//volatility//MarkovSimulation_Gaussion-eps-converted-to.pdf Graphic f
ile (type pdf)
<use fig//volatility//MarkovSimulation_Gaussion-eps-converted-to.pdf>
Package pdftex.def Info: fig//volatility//MarkovSimulation_Gaussion-eps-convert
ed-to.pdf  used on input line 286.
(pdftex.def)             Requested size: 169.0519pt x 156.56847pt.
<fig//volatility//path_fbm.png, id=603, 642.4pt x 481.8pt>
File: fig//volatility//path_fbm.png Graphic file (type png)
<use fig//volatility//path_fbm.png>
Package pdftex.def Info: fig//volatility//path_fbm.png  used on input line 294.

(pdftex.def)             Requested size: 110.40253pt x 82.80182pt.
<fig//volatility//path_fast.png, id=604, 642.4pt x 481.8pt>
File: fig//volatility//path_fast.png Graphic file (type png)
<use fig//volatility//path_fast.png>
Package pdftex.def Info: fig//volatility//path_fast.png  used on input line 295
.
(pdftex.def)             Requested size: 110.40253pt x 82.80182pt.
<fig//volatility//path_MarkovianApproximation.png, id=605, 642.4pt x 481.8pt>
File: fig//volatility//path_MarkovianApproximation.png Graphic file (type png)
<use fig//volatility//path_MarkovianApproximation.png>
Package pdftex.def Info: fig//volatility//path_MarkovianApproximation.png  used
 on input line 296.
(pdftex.def)             Requested size: 110.40253pt x 82.80182pt.

[8 <./fig//volatility//fast_Gaussion-eps-converted-to.pdf> <./fig//volatility//
MarkovSimulation_Gaussion-eps-converted-to.pdf>]
Package epstopdf Info: Source file: <fig//volatility//fast_GaussionsqrtV.eps>
(epstopdf)                    date: 2023-10-19 09:09:50
(epstopdf)                    size: 44512 bytes
(epstopdf)             Output file: <fig//volatility//fast_GaussionsqrtV-eps-co
nverted-to.pdf>
(epstopdf)                    date: 2023-10-20 10:37:48
(epstopdf)                    size: 20442 bytes
(epstopdf)             Command: <repstopdf --outfile=fig//volatility//fast_Gaus
sionsqrtV-eps-converted-to.pdf fig//volatility//fast_GaussionsqrtV.eps>
(epstopdf)             \includegraphics on input line 330.
Package epstopdf Info: Output file is already uptodate.
<fig//volatility//fast_GaussionsqrtV-eps-converted-to.pdf, id=695, 652.4375pt x
 604.2575pt>
File: fig//volatility//fast_GaussionsqrtV-eps-converted-to.pdf Graphic file (ty
pe pdf)
<use fig//volatility//fast_GaussionsqrtV-eps-converted-to.pdf>
Package pdftex.def Info: fig//volatility//fast_GaussionsqrtV-eps-converted-to.p
df  used on input line 330.
(pdftex.def)             Requested size: 169.0519pt x 156.56847pt.
Package epstopdf Info: Source file: <fig//volatility//MarkovSimulation_Gaussion
sqrtV.eps>
(epstopdf)                    date: 2023-10-19 19:58:54
(epstopdf)                    size: 46794 bytes
(epstopdf)             Output file: <fig//volatility//MarkovSimulation_Gaussion
sqrtV-eps-converted-to.pdf>
(epstopdf)                    date: 2023-10-20 10:37:48
(epstopdf)                    size: 20658 bytes
(epstopdf)             Command: <repstopdf --outfile=fig//volatility//MarkovSim
ulation_GaussionsqrtV-eps-converted-to.pdf fig//volatility//MarkovSimulation_Ga
ussionsqrtV.eps>
(epstopdf)             \includegraphics on input line 331.
Package epstopdf Info: Output file is already uptodate.
<fig//volatility//MarkovSimulation_GaussionsqrtV-eps-converted-to.pdf, id=696, 
652.4375pt x 604.2575pt>
File: fig//volatility//MarkovSimulation_GaussionsqrtV-eps-converted-to.pdf Grap
hic file (type pdf)
<use fig//volatility//MarkovSimulation_GaussionsqrtV-eps-converted-to.pdf>
Package pdftex.def Info: fig//volatility//MarkovSimulation_GaussionsqrtV-eps-co
nverted-to.pdf  used on input line 331.
(pdftex.def)             Requested size: 169.0519pt x 156.56847pt.
 [9 <./fig//volatility//path_fbm.png (PNG copy)> <./fig//volatility//path_fast.
png (PNG copy)> <./fig//volatility//path_MarkovianApproximation.png (PNG copy)>
]
Package epstopdf Info: Source file: <fig//volatility//fast_V.eps>
(epstopdf)                    date: 2023-10-19 18:29:44
(epstopdf)                    size: 44555 bytes
(epstopdf)             Output file: <fig//volatility//fast_V-eps-converted-to.p
df>
(epstopdf)                    date: 2023-10-20 10:54:39
(epstopdf)                    size: 20454 bytes
(epstopdf)             Command: <repstopdf --outfile=fig//volatility//fast_V-ep
s-converted-to.pdf fig//volatility//fast_V.eps>
(epstopdf)             \includegraphics on input line 367.
Package epstopdf Info: Output file is already uptodate.
<fig//volatility//fast_V-eps-converted-to.pdf, id=700, 652.4375pt x 604.2575pt>

File: fig//volatility//fast_V-eps-converted-to.pdf Graphic file (type pdf)
<use fig//volatility//fast_V-eps-converted-to.pdf>
Package pdftex.def Info: fig//volatility//fast_V-eps-converted-to.pdf  used on 
input line 367.
(pdftex.def)             Requested size: 169.0519pt x 156.56847pt.
Package epstopdf Info: Source file: <fig//volatility//MarkovSimulation_V.eps>
(epstopdf)                    date: 2023-10-19 14:03:48
(epstopdf)                    size: 47225 bytes
(epstopdf)             Output file: <fig//volatility//MarkovSimulation_V-eps-co
nverted-to.pdf>
(epstopdf)                    date: 2023-10-20 10:54:40
(epstopdf)                    size: 20836 bytes
(epstopdf)             Command: <repstopdf --outfile=fig//volatility//MarkovSim
ulation_V-eps-converted-to.pdf fig//volatility//MarkovSimulation_V.eps>
(epstopdf)             \includegraphics on input line 368.
Package epstopdf Info: Output file is already uptodate.
<fig//volatility//MarkovSimulation_V-eps-converted-to.pdf, id=701, 652.4375pt x
 604.2575pt>
File: fig//volatility//MarkovSimulation_V-eps-converted-to.pdf Graphic file (ty
pe pdf)
<use fig//volatility//MarkovSimulation_V-eps-converted-to.pdf>
Package pdftex.def Info: fig//volatility//MarkovSimulation_V-eps-converted-to.p
df  used on input line 368.
(pdftex.def)             Requested size: 169.0519pt x 156.56847pt.
 [10 <./fig//volatility//fast_GaussionsqrtV-eps-converted-to.pdf> <./fig//volat
ility//MarkovSimulation_GaussionsqrtV-eps-converted-to.pdf>]
Package epstopdf Info: Source file: <fig//volatility//rHeston_V_kappa.eps>
(epstopdf)                    date: 2023-10-25 09:41:02
(epstopdf)                    size: 46409 bytes
(epstopdf)             Output file: <fig//volatility//rHeston_V_kappa-eps-conve
rted-to.pdf>
(epstopdf)                    date: 2023-10-29 09:25:16
(epstopdf)                    size: 21195 bytes
(epstopdf)             Command: <repstopdf --outfile=fig//volatility//rHeston_V
_kappa-eps-converted-to.pdf fig//volatility//rHeston_V_kappa.eps>
(epstopdf)             \includegraphics on input line 400.
Package epstopdf Info: Output file is already uptodate.
<fig//volatility//rHeston_V_kappa-eps-converted-to.pdf, id=791, 652.4375pt x 60
4.2575pt>
File: fig//volatility//rHeston_V_kappa-eps-converted-to.pdf Graphic file (type 
pdf)
<use fig//volatility//rHeston_V_kappa-eps-converted-to.pdf>
Package pdftex.def Info: fig//volatility//rHeston_V_kappa-eps-converted-to.pdf 
 used on input line 400.
(pdftex.def)             Requested size: 276.00105pt x 255.63046pt.
 [11 <./fig//volatility//fast_V-eps-converted-to.pdf> <./fig//volatility//Marko
vSimulation_V-eps-converted-to.pdf>] [12 <./fig//volatility//rHeston_V_kappa-ep
s-converted-to.pdf>]
Package epstopdf Info: Source file: <fig//volatility//rHeston_V_kappaandH.eps>
(epstopdf)                    date: 2023-10-25 13:30:15
(epstopdf)                    size: 41951 bytes
(epstopdf)             Output file: <fig//volatility//rHeston_V_kappaandH-eps-c
onverted-to.pdf>
(epstopdf)                    date: 2023-10-29 09:45:07
(epstopdf)                    size: 20322 bytes
(epstopdf)             Command: <repstopdf --outfile=fig//volatility//rHeston_V
_kappaandH-eps-converted-to.pdf fig//volatility//rHeston_V_kappaandH.eps>
(epstopdf)             \includegraphics on input line 433.
Package epstopdf Info: Output file is already uptodate.
<fig//volatility//rHeston_V_kappaandH-eps-converted-to.pdf, id=927, 652.4375pt 
x 604.2575pt>
File: fig//volatility//rHeston_V_kappaandH-eps-converted-to.pdf Graphic file (t
ype pdf)
<use fig//volatility//rHeston_V_kappaandH-eps-converted-to.pdf>
Package pdftex.def Info: fig//volatility//rHeston_V_kappaandH-eps-converted-to.
pdf  used on input line 433.
(pdftex.def)             Requested size: 276.00105pt x 255.63046pt.

Overfull \hbox (13.77641pt too wide) in paragraph at lines 438--438
[]\OT1/cmr/bx/n/12 Supervised learn-ing with rough Bergomi volatil-ity model 
 []

[13 <./fig//volatility//rHeston_V_kappaandH-eps-converted-to.pdf>]
Package epstopdf Info: Source file: <fig//volatility//rBergomi_V_H.eps>
(epstopdf)                    date: 2023-10-27 18:06:10
(epstopdf)                    size: 45144 bytes
(epstopdf)             Output file: <fig//volatility//rBergomi_V_H-eps-converte
d-to.pdf>
(epstopdf)                    date: 2023-10-29 09:56:59
(epstopdf)                    size: 21172 bytes
(epstopdf)             Command: <repstopdf --outfile=fig//volatility//rBergomi_
V_H-eps-converted-to.pdf fig//volatility//rBergomi_V_H.eps>
(epstopdf)             \includegraphics on input line 473.
Package epstopdf Info: Output file is already uptodate.
<fig//volatility//rBergomi_V_H-eps-converted-to.pdf, id=974, 652.4375pt x 604.2
575pt>
File: fig//volatility//rBergomi_V_H-eps-converted-to.pdf Graphic file (type pdf
)
<use fig//volatility//rBergomi_V_H-eps-converted-to.pdf>
Package pdftex.def Info: fig//volatility//rBergomi_V_H-eps-converted-to.pdf  us
ed on input line 473.
(pdftex.def)             Requested size: 276.00105pt x 255.63046pt.
 [14]
[15 <./fig//volatility//rBergomi_V_H-eps-converted-to.pdf>]
(./signature_2023_ver_1.aux) ) 
Here is how much of TeX's memory you used:
 16852 strings out of 476025
 335737 string characters out of 5794015
 1882382 words of memory out of 5000000
 36918 multiletter control sequences out of 15000+600000
 520591 words of font info for 65 fonts, out of 8000000 for 9000
 1141 hyphenation exceptions out of 8191
 83i,12n,89p,971b,399s stack positions out of 10000i,1000n,20000p,200000b,200000s
<c:/texlive/2023/texmf-dist/fonts/type1/public/am
sfonts/cm/cmbx10.pfb><c:/texlive/2023/texmf-dist/fonts/type1/public/amsfonts/cm
/cmbx12.pfb><c:/texlive/2023/texmf-dist/fonts/type1/public/amsfonts/cm/cmex10.p
fb><c:/texlive/2023/texmf-dist/fonts/type1/public/amsfonts/cm/cmmi10.pfb><c:/te
xlive/2023/texmf-dist/fonts/type1/public/amsfonts/cm/cmmi5.pfb><c:/texlive/2023
/texmf-dist/fonts/type1/public/amsfonts/cm/cmmi7.pfb><c:/texlive/2023/texmf-dis
t/fonts/type1/public/amsfonts/cm/cmmi8.pfb><c:/texlive/2023/texmf-dist/fonts/ty
pe1/public/amsfonts/cm/cmr10.pfb><c:/texlive/2023/texmf-dist/fonts/type1/public
/amsfonts/cm/cmr17.pfb><c:/texlive/2023/texmf-dist/fonts/type1/public/amsfonts/
cm/cmr5.pfb><c:/texlive/2023/texmf-dist/fonts/type1/public/amsfonts/cm/cmr7.pfb
><c:/texlive/2023/texmf-dist/fonts/type1/public/amsfonts/cm/cmr8.pfb><c:/texliv
e/2023/texmf-dist/fonts/type1/public/amsfonts/cm/cmsy10.pfb><c:/texlive/2023/te
xmf-dist/fonts/type1/public/amsfonts/cm/cmsy7.pfb><c:/texlive/2023/texmf-dist/f
onts/type1/public/amsfonts/symbols/msbm10.pfb><c:/texlive/2023/texmf-dist/fonts
/type1/public/cm-super/sfrm1000.pfb>
Output written on signature_2023_ver_1.pdf (15 pages, 731132 bytes).
PDF statistics:
 1093 PDF objects out of 1200 (max. 8388607)
 239 compressed objects within 3 object streams
 0 named destinations out of 1000 (max. 500000)
 148 words of extra memory for PDF output out of 10000 (max. 10000000)

