This is pdfTeX, Version 3.141592653-2.6-1.40.25 (TeX Live 2023) (preloaded format=pdflatex 2023.6.30)  5 NOV 2023 16:55
entering extended mode
 restricted \write18 enabled.
 %&-line parsing enabled.
**signature_2023_ver_2.tex
(./signature_2023_ver_2.tex
LaTeX2e <2022-11-01> patch level 1
L3 programming layer <2023-02-22>
(c:/texlive/2023/texmf-dist/tex/latex/base/article.cls
Document Class: article 2022/07/02 v1.4n Standard LaTeX document class
(c:/texlive/2023/texmf-dist/tex/latex/base/size10.clo
File: size10.clo 2022/07/02 v1.4n Standard LaTeX file (size option)
)
\c@part=\count185
\c@section=\count186
\c@subsection=\count187
\c@subsubsection=\count188
\c@paragraph=\count189
\c@subparagraph=\count190
\c@figure=\count191
\c@table=\count192
\abovecaptionskip=\skip48
\belowcaptionskip=\skip49
\bibindent=\dimen140
)
(c:/texlive/2023/texmf-dist/tex/latex/graphics/epsfig.sty
Package: epsfig 2017/06/25 v1.7b (e)psfig emulation (SPQR)

(c:/texlive/2023/texmf-dist/tex/latex/graphics/graphicx.sty
Package: graphicx 2021/09/16 v1.2d Enhanced LaTeX Graphics (DPC,SPQR)

(c:/texlive/2023/texmf-dist/tex/latex/graphics/keyval.sty
Package: keyval 2022/05/29 v1.15 key=value parser (DPC)
\KV@toks@=\toks16
)
(c:/texlive/2023/texmf-dist/tex/latex/graphics/graphics.sty
Package: graphics 2022/03/10 v1.4e Standard LaTeX Graphics (DPC,SPQR)

(c:/texlive/2023/texmf-dist/tex/latex/graphics/trig.sty
Package: trig 2021/08/11 v1.11 sin cos tan (DPC)
)
(c:/texlive/2023/texmf-dist/tex/latex/graphics-cfg/graphics.cfg
File: graphics.cfg 2016/06/04 v1.11 sample graphics configuration
)
Package graphics Info: Driver file: pdftex.def on input line 107.

(c:/texlive/2023/texmf-dist/tex/latex/graphics-def/pdftex.def
File: pdftex.def 2022/09/22 v1.2b Graphics/color driver for pdftex
))
\Gin@req@height=\dimen141
\Gin@req@width=\dimen142
)
\epsfxsize=\dimen143
\epsfysize=\dimen144
)
(c:/texlive/2023/texmf-dist/tex/latex/graphics/color.sty
Package: color 2022/01/06 v1.3d Standard LaTeX Color (DPC)

(c:/texlive/2023/texmf-dist/tex/latex/graphics-cfg/color.cfg
File: color.cfg 2016/01/02 v1.6 sample color configuration
)
Package color Info: Driver file: pdftex.def on input line 149.

(c:/texlive/2023/texmf-dist/tex/latex/graphics/mathcolor.ltx))
(c:/texlive/2023/texmf-dist/tex/latex/amsfonts/amsfonts.sty
Package: amsfonts 2013/01/14 v3.01 Basic AMSFonts support
\@emptytoks=\toks17
\symAMSa=\mathgroup4
\symAMSb=\mathgroup5
LaTeX Font Info:    Redeclaring math symbol \hbar on input line 98.
LaTeX Font Info:    Overwriting math alphabet `\mathfrak' in version `bold'
(Font)                  U/euf/m/n --> U/euf/b/n on input line 106.
)
(c:/texlive/2023/texmf-dist/tex/latex/amsmath/amsmath.sty
Package: amsmath 2022/04/08 v2.17n AMS math features
\@mathmargin=\skip50

For additional information on amsmath, use the `?' option.
(c:/texlive/2023/texmf-dist/tex/latex/amsmath/amstext.sty
Package: amstext 2021/08/26 v2.01 AMS text

(c:/texlive/2023/texmf-dist/tex/latex/amsmath/amsgen.sty
File: amsgen.sty 1999/11/30 v2.0 generic functions
\@emptytoks=\toks18
\ex@=\dimen145
))
(c:/texlive/2023/texmf-dist/tex/latex/amsmath/amsbsy.sty
Package: amsbsy 1999/11/29 v1.2d Bold Symbols
\pmbraise@=\dimen146
)
(c:/texlive/2023/texmf-dist/tex/latex/amsmath/amsopn.sty
Package: amsopn 2022/04/08 v2.04 operator names
)
\inf@bad=\count193
LaTeX Info: Redefining \frac on input line 234.
\uproot@=\count194
\leftroot@=\count195
LaTeX Info: Redefining \overline on input line 399.
LaTeX Info: Redefining \colon on input line 410.
\classnum@=\count196
\DOTSCASE@=\count197
LaTeX Info: Redefining \ldots on input line 496.
LaTeX Info: Redefining \dots on input line 499.
LaTeX Info: Redefining \cdots on input line 620.
\Mathstrutbox@=\box51
\strutbox@=\box52
LaTeX Info: Redefining \big on input line 722.
LaTeX Info: Redefining \Big on input line 723.
LaTeX Info: Redefining \bigg on input line 724.
LaTeX Info: Redefining \Bigg on input line 725.
\big@size=\dimen147
LaTeX Font Info:    Redeclaring font encoding OML on input line 743.
LaTeX Font Info:    Redeclaring font encoding OMS on input line 744.
\macc@depth=\count198
LaTeX Info: Redefining \bmod on input line 905.
LaTeX Info: Redefining \pmod on input line 910.
LaTeX Info: Redefining \smash on input line 940.
LaTeX Info: Redefining \relbar on input line 970.
LaTeX Info: Redefining \Relbar on input line 971.
\c@MaxMatrixCols=\count199
\dotsspace@=\muskip16
\c@parentequation=\count266
\dspbrk@lvl=\count267
\tag@help=\toks19
\row@=\count268
\column@=\count269
\maxfields@=\count270
\andhelp@=\toks20
\eqnshift@=\dimen148
\alignsep@=\dimen149
\tagshift@=\dimen150
\tagwidth@=\dimen151
\totwidth@=\dimen152
\lineht@=\dimen153
\@envbody=\toks21
\multlinegap=\skip51
\multlinetaggap=\skip52
\mathdisplay@stack=\toks22
LaTeX Info: Redefining \[ on input line 2953.
LaTeX Info: Redefining \] on input line 2954.
)
(c:/texlive/2023/texmf-dist/tex/latex/amsfonts/amssymb.sty
Package: amssymb 2013/01/14 v3.01 AMS font symbols
)
(c:/texlive/2023/texmf-dist/tex/latex/amscls/amsthm.sty
Package: amsthm 2020/05/29 v2.20.6
\thm@style=\toks23
\thm@bodyfont=\toks24
\thm@headfont=\toks25
\thm@notefont=\toks26
\thm@headpunct=\toks27
\thm@preskip=\skip53
\thm@postskip=\skip54
\thm@headsep=\skip55
\dth@everypar=\toks28
)
(c:/texlive/2023/texmf-dist/tex/latex/natbib/natbib.sty
Package: natbib 2010/09/13 8.31b (PWD, AO)
\bibhang=\skip56
\bibsep=\skip57
LaTeX Info: Redefining \cite on input line 694.
\c@NAT@ctr=\count271
)
(c:/texlive/2023/texmf-dist/tex/latex/fancybox/fancybox.sty
Package: fancybox 2010/05/15 1.4

Style option: `fancybox' v1.4 <2010/05/15> (tvz)
\@fancybox=\box53
\shadowsize=\dimen154
\@Sbox=\box54
\do@VerbBox=\toks29
\the@fancyput=\toks30
\this@fancyput=\toks31
\EndVerbatimTokens=\toks32
\Verbatim@Outfile=\write3
\Verbatim@Infile=\read2
) (c:/texlive/2023/texmf-dist/tex/generic/ulem/ulem.sty
\UL@box=\box55
\UL@hyphenbox=\box56
\UL@skip=\skip58
\UL@hook=\toks33
\UL@height=\dimen155
\UL@pe=\count272
\UL@pixel=\dimen156
\ULC@box=\box57
Package: ulem 2019/11/18
\ULdepth=\dimen157
)
(c:/texlive/2023/texmf-dist/tex/latex/subfigure/subfigure.sty
Package: subfigure 2002/03/15 v2.1.5 subfigure package
\subfigtopskip=\skip59
\subfigcapskip=\skip60
\subfigcaptopadj=\dimen158
\subfigbottomskip=\skip61
\subfigcapmargin=\dimen159
\subfiglabelskip=\skip62
\c@subfigure=\count273
\c@lofdepth=\count274
\c@subtable=\count275
\c@lotdepth=\count276

****************************************
* Local config file subfigure.cfg used *
****************************************
(c:/texlive/2023/texmf-dist/tex/latex/subfigure/subfigure.cfg)
\subfig@top=\skip63
\subfig@bottom=\skip64
)
(c:/texlive/2023/texmf-dist/tex/latex/multirow/multirow.sty
Package: multirow 2021/03/15 v2.8 Span multiple rows of a table
\multirow@colwidth=\skip65
\multirow@cntb=\count277
\multirow@dima=\skip66
\bigstrutjot=\dimen160
)
(c:/texlive/2023/texmf-dist/tex/latex/bbm-macros/bbm.sty
Package: bbm 1999/03/15 V 1.2 provides fonts for set symbols - TH
LaTeX Font Info:    Overwriting math alphabet `\mathbbm' in version `bold'
(Font)                  U/bbm/m/n --> U/bbm/bx/n on input line 33.
LaTeX Font Info:    Overwriting math alphabet `\mathbbmss' in version `bold'
(Font)                  U/bbmss/m/n --> U/bbmss/bx/n on input line 35.
)
(c:/texlive/2023/texmf-dist/tex/latex/tools/enumerate.sty
Package: enumerate 2015/07/23 v3.00 enumerate extensions (DPC)
\@enLab=\toks34
)
(c:/texlive/2023/texmf-dist/tex/latex/graphics/rotating.sty
Package: rotating 2016/08/11 v2.16d rotated objects in LaTeX

(c:/texlive/2023/texmf-dist/tex/latex/base/ifthen.sty
Package: ifthen 2022/04/13 v1.1d Standard LaTeX ifthen package (DPC)
)
\c@r@tfl@t=\count278
\rotFPtop=\skip67
\rotFPbot=\skip68
\rot@float@box=\box58
\rot@mess@toks=\toks35
)
(c:/texlive/2023/texmf-dist/tex/latex/float/float.sty
Package: float 2001/11/08 v1.3d Float enhancements (AL)
\c@float@type=\count279
\float@exts=\toks36
\float@box=\box59
\@float@everytoks=\toks37
\@floatcapt=\box60
)
(c:/texlive/2023/texmf-dist/tex/latex/epstopdf-pkg/epstopdf.sty
Package: epstopdf 2020-01-24 v2.11 Conversion with epstopdf on the fly (HO)

(c:/texlive/2023/texmf-dist/tex/generic/infwarerr/infwarerr.sty
Package: infwarerr 2019/12/03 v1.5 Providing info/warning/error messages (HO)
)
(c:/texlive/2023/texmf-dist/tex/latex/grfext/grfext.sty
Package: grfext 2019/12/03 v1.3 Manage graphics extensions (HO)

(c:/texlive/2023/texmf-dist/tex/generic/kvdefinekeys/kvdefinekeys.sty
Package: kvdefinekeys 2019-12-19 v1.6 Define keys (HO)
))
(c:/texlive/2023/texmf-dist/tex/latex/kvoptions/kvoptions.sty
Package: kvoptions 2022-06-15 v3.15 Key value format for package options (HO)

(c:/texlive/2023/texmf-dist/tex/generic/ltxcmds/ltxcmds.sty
Package: ltxcmds 2020-05-10 v1.25 LaTeX kernel commands for general use (HO)
)
(c:/texlive/2023/texmf-dist/tex/latex/kvsetkeys/kvsetkeys.sty
Package: kvsetkeys 2022-10-05 v1.19 Key value parser (HO)
))
(c:/texlive/2023/texmf-dist/tex/generic/pdftexcmds/pdftexcmds.sty
Package: pdftexcmds 2020-06-27 v0.33 Utility functions of pdfTeX for LuaTeX (HO
)

(c:/texlive/2023/texmf-dist/tex/generic/iftex/iftex.sty
Package: iftex 2022/02/03 v1.0f TeX engine tests
)
Package pdftexcmds Info: \pdf@primitive is available.
Package pdftexcmds Info: \pdf@ifprimitive is available.
Package pdftexcmds Info: \pdfdraftmode found.
)
(c:/texlive/2023/texmf-dist/tex/latex/epstopdf-pkg/epstopdf-base.sty
Package: epstopdf-base 2020-01-24 v2.11 Base part for package epstopdf
Package epstopdf-base Info: Redefining graphics rule for `.eps' on input line 4
85.
Package grfext Info: Graphics extension search list:
(grfext)             [.pdf,.png,.jpg,.mps,.jpeg,.jbig2,.jb2,.PDF,.PNG,.JPG,.JPE
G,.JBIG2,.JB2,.eps]
(grfext)             \AppendGraphicsExtensions on input line 504.

(c:/texlive/2023/texmf-dist/tex/latex/latexconfig/epstopdf-sys.cfg
File: epstopdf-sys.cfg 2010/07/13 v1.3 Configuration of (r)epstopdf for TeX Liv
e
)))
(c:/texlive/2023/texmf-dist/tex/latex/tcolorbox/tcolorbox.sty
Package: tcolorbox 2023/02/12 version 6.0.1 text color boxes

(c:/texlive/2023/texmf-dist/tex/latex/pgf/basiclayer/pgf.sty
(c:/texlive/2023/texmf-dist/tex/latex/pgf/utilities/pgfrcs.sty
(c:/texlive/2023/texmf-dist/tex/generic/pgf/utilities/pgfutil-common.tex
\pgfutil@everybye=\toks38
\pgfutil@tempdima=\dimen161
\pgfutil@tempdimb=\dimen162
)
(c:/texlive/2023/texmf-dist/tex/generic/pgf/utilities/pgfutil-latex.def
\pgfutil@abb=\box61
)
(c:/texlive/2023/texmf-dist/tex/generic/pgf/utilities/pgfrcs.code.tex
(c:/texlive/2023/texmf-dist/tex/generic/pgf/pgf.revision.tex)
Package: pgfrcs 2023-01-15 v3.1.10 (3.1.10)
))
Package: pgf 2023-01-15 v3.1.10 (3.1.10)

(c:/texlive/2023/texmf-dist/tex/latex/pgf/basiclayer/pgfcore.sty
(c:/texlive/2023/texmf-dist/tex/latex/pgf/systemlayer/pgfsys.sty
(c:/texlive/2023/texmf-dist/tex/generic/pgf/systemlayer/pgfsys.code.tex
Package: pgfsys 2023-01-15 v3.1.10 (3.1.10)

(c:/texlive/2023/texmf-dist/tex/generic/pgf/utilities/pgfkeys.code.tex
\pgfkeys@pathtoks=\toks39
\pgfkeys@temptoks=\toks40

(c:/texlive/2023/texmf-dist/tex/generic/pgf/utilities/pgfkeyslibraryfiltered.co
de.tex
\pgfkeys@tmptoks=\toks41
))
\pgf@x=\dimen163
\pgf@y=\dimen164
\pgf@xa=\dimen165
\pgf@ya=\dimen166
\pgf@xb=\dimen167
\pgf@yb=\dimen168
\pgf@xc=\dimen169
\pgf@yc=\dimen170
\pgf@xd=\dimen171
\pgf@yd=\dimen172
\w@pgf@writea=\write4
\r@pgf@reada=\read3
\c@pgf@counta=\count280
\c@pgf@countb=\count281
\c@pgf@countc=\count282
\c@pgf@countd=\count283
\t@pgf@toka=\toks42
\t@pgf@tokb=\toks43
\t@pgf@tokc=\toks44
\pgf@sys@id@count=\count284
 (c:/texlive/2023/texmf-dist/tex/generic/pgf/systemlayer/pgf.cfg
File: pgf.cfg 2023-01-15 v3.1.10 (3.1.10)
)
Driver file for pgf: pgfsys-pdftex.def

(c:/texlive/2023/texmf-dist/tex/generic/pgf/systemlayer/pgfsys-pdftex.def
File: pgfsys-pdftex.def 2023-01-15 v3.1.10 (3.1.10)

(c:/texlive/2023/texmf-dist/tex/generic/pgf/systemlayer/pgfsys-common-pdf.def
File: pgfsys-common-pdf.def 2023-01-15 v3.1.10 (3.1.10)
)))
(c:/texlive/2023/texmf-dist/tex/generic/pgf/systemlayer/pgfsyssoftpath.code.tex
File: pgfsyssoftpath.code.tex 2023-01-15 v3.1.10 (3.1.10)
\pgfsyssoftpath@smallbuffer@items=\count285
\pgfsyssoftpath@bigbuffer@items=\count286
)
(c:/texlive/2023/texmf-dist/tex/generic/pgf/systemlayer/pgfsysprotocol.code.tex
File: pgfsysprotocol.code.tex 2023-01-15 v3.1.10 (3.1.10)
)) (c:/texlive/2023/texmf-dist/tex/latex/xcolor/xcolor.sty
Package: xcolor 2022/06/12 v2.14 LaTeX color extensions (UK)

(c:/texlive/2023/texmf-dist/tex/latex/graphics-cfg/color.cfg
File: color.cfg 2016/01/02 v1.6 sample color configuration
)
Package xcolor Info: Driver file: pdftex.def on input line 227.
LaTeX Info: Redefining \color on input line 711.

(c:/texlive/2023/texmf-dist/tex/latex/graphics/mathcolor.ltx)
Package xcolor Info: Model `cmy' substituted by `cmy0' on input line 1353.
Package xcolor Info: Model `hsb' substituted by `rgb' on input line 1357.
Package xcolor Info: Model `RGB' extended on input line 1369.
Package xcolor Info: Model `HTML' substituted by `rgb' on input line 1371.
Package xcolor Info: Model `Hsb' substituted by `hsb' on input line 1372.
Package xcolor Info: Model `tHsb' substituted by `hsb' on input line 1373.
Package xcolor Info: Model `HSB' substituted by `hsb' on input line 1374.
Package xcolor Info: Model `Gray' substituted by `gray' on input line 1375.
Package xcolor Info: Model `wave' substituted by `hsb' on input line 1376.
)
(c:/texlive/2023/texmf-dist/tex/generic/pgf/basiclayer/pgfcore.code.tex
Package: pgfcore 2023-01-15 v3.1.10 (3.1.10)

(c:/texlive/2023/texmf-dist/tex/generic/pgf/math/pgfmath.code.tex
(c:/texlive/2023/texmf-dist/tex/generic/pgf/math/pgfmathutil.code.tex)
(c:/texlive/2023/texmf-dist/tex/generic/pgf/math/pgfmathparser.code.tex
\pgfmath@dimen=\dimen173
\pgfmath@count=\count287
\pgfmath@box=\box62
\pgfmath@toks=\toks45
\pgfmath@stack@operand=\toks46
\pgfmath@stack@operation=\toks47
)
(c:/texlive/2023/texmf-dist/tex/generic/pgf/math/pgfmathfunctions.code.tex)
(c:/texlive/2023/texmf-dist/tex/generic/pgf/math/pgfmathfunctions.basic.code.te
x)
(c:/texlive/2023/texmf-dist/tex/generic/pgf/math/pgfmathfunctions.trigonometric
.code.tex)
(c:/texlive/2023/texmf-dist/tex/generic/pgf/math/pgfmathfunctions.random.code.t
ex)
(c:/texlive/2023/texmf-dist/tex/generic/pgf/math/pgfmathfunctions.comparison.co
de.tex)
(c:/texlive/2023/texmf-dist/tex/generic/pgf/math/pgfmathfunctions.base.code.tex
)
(c:/texlive/2023/texmf-dist/tex/generic/pgf/math/pgfmathfunctions.round.code.te
x)
(c:/texlive/2023/texmf-dist/tex/generic/pgf/math/pgfmathfunctions.misc.code.tex
)
(c:/texlive/2023/texmf-dist/tex/generic/pgf/math/pgfmathfunctions.integerarithm
etics.code.tex)
(c:/texlive/2023/texmf-dist/tex/generic/pgf/math/pgfmathcalc.code.tex)
(c:/texlive/2023/texmf-dist/tex/generic/pgf/math/pgfmathfloat.code.tex
\c@pgfmathroundto@lastzeros=\count288
))
(c:/texlive/2023/texmf-dist/tex/generic/pgf/math/pgfint.code.tex)
(c:/texlive/2023/texmf-dist/tex/generic/pgf/basiclayer/pgfcorepoints.code.tex
File: pgfcorepoints.code.tex 2023-01-15 v3.1.10 (3.1.10)
\pgf@picminx=\dimen174
\pgf@picmaxx=\dimen175
\pgf@picminy=\dimen176
\pgf@picmaxy=\dimen177
\pgf@pathminx=\dimen178
\pgf@pathmaxx=\dimen179
\pgf@pathminy=\dimen180
\pgf@pathmaxy=\dimen181
\pgf@xx=\dimen182
\pgf@xy=\dimen183
\pgf@yx=\dimen184
\pgf@yy=\dimen185
\pgf@zx=\dimen186
\pgf@zy=\dimen187
)
(c:/texlive/2023/texmf-dist/tex/generic/pgf/basiclayer/pgfcorepathconstruct.cod
e.tex
File: pgfcorepathconstruct.code.tex 2023-01-15 v3.1.10 (3.1.10)
\pgf@path@lastx=\dimen188
\pgf@path@lasty=\dimen189
)
(c:/texlive/2023/texmf-dist/tex/generic/pgf/basiclayer/pgfcorepathusage.code.te
x
File: pgfcorepathusage.code.tex 2023-01-15 v3.1.10 (3.1.10)
\pgf@shorten@end@additional=\dimen190
\pgf@shorten@start@additional=\dimen191
)
(c:/texlive/2023/texmf-dist/tex/generic/pgf/basiclayer/pgfcorescopes.code.tex
File: pgfcorescopes.code.tex 2023-01-15 v3.1.10 (3.1.10)
\pgfpic=\box63
\pgf@hbox=\box64
\pgf@layerbox@main=\box65
\pgf@picture@serial@count=\count289
)
(c:/texlive/2023/texmf-dist/tex/generic/pgf/basiclayer/pgfcoregraphicstate.code
.tex
File: pgfcoregraphicstate.code.tex 2023-01-15 v3.1.10 (3.1.10)
\pgflinewidth=\dimen192
)
(c:/texlive/2023/texmf-dist/tex/generic/pgf/basiclayer/pgfcoretransformations.c
ode.tex
File: pgfcoretransformations.code.tex 2023-01-15 v3.1.10 (3.1.10)
\pgf@pt@x=\dimen193
\pgf@pt@y=\dimen194
\pgf@pt@temp=\dimen195
)
(c:/texlive/2023/texmf-dist/tex/generic/pgf/basiclayer/pgfcorequick.code.tex
File: pgfcorequick.code.tex 2023-01-15 v3.1.10 (3.1.10)
)
(c:/texlive/2023/texmf-dist/tex/generic/pgf/basiclayer/pgfcoreobjects.code.tex
File: pgfcoreobjects.code.tex 2023-01-15 v3.1.10 (3.1.10)
)
(c:/texlive/2023/texmf-dist/tex/generic/pgf/basiclayer/pgfcorepathprocessing.co
de.tex
File: pgfcorepathprocessing.code.tex 2023-01-15 v3.1.10 (3.1.10)
)
(c:/texlive/2023/texmf-dist/tex/generic/pgf/basiclayer/pgfcorearrows.code.tex
File: pgfcorearrows.code.tex 2023-01-15 v3.1.10 (3.1.10)
\pgfarrowsep=\dimen196
)
(c:/texlive/2023/texmf-dist/tex/generic/pgf/basiclayer/pgfcoreshade.code.tex
File: pgfcoreshade.code.tex 2023-01-15 v3.1.10 (3.1.10)
\pgf@max=\dimen197
\pgf@sys@shading@range@num=\count290
\pgf@shadingcount=\count291
)
(c:/texlive/2023/texmf-dist/tex/generic/pgf/basiclayer/pgfcoreimage.code.tex
File: pgfcoreimage.code.tex 2023-01-15 v3.1.10 (3.1.10)
)
(c:/texlive/2023/texmf-dist/tex/generic/pgf/basiclayer/pgfcoreexternal.code.tex
File: pgfcoreexternal.code.tex 2023-01-15 v3.1.10 (3.1.10)
\pgfexternal@startupbox=\box66
) (c:/texlive/2023/texmf-dist/tex/generic/pgf/basiclayer/pgfcorelayers.code.tex
File: pgfcorelayers.code.tex 2023-01-15 v3.1.10 (3.1.10)
)
(c:/texlive/2023/texmf-dist/tex/generic/pgf/basiclayer/pgfcoretransparency.code
.tex
File: pgfcoretransparency.code.tex 2023-01-15 v3.1.10 (3.1.10)
)
(c:/texlive/2023/texmf-dist/tex/generic/pgf/basiclayer/pgfcorepatterns.code.tex
File: pgfcorepatterns.code.tex 2023-01-15 v3.1.10 (3.1.10)
) (c:/texlive/2023/texmf-dist/tex/generic/pgf/basiclayer/pgfcorerdf.code.tex
File: pgfcorerdf.code.tex 2023-01-15 v3.1.10 (3.1.10)
))) (c:/texlive/2023/texmf-dist/tex/generic/pgf/modules/pgfmoduleshapes.code.te
x
File: pgfmoduleshapes.code.tex 2023-01-15 v3.1.10 (3.1.10)
\pgfnodeparttextbox=\box67
)
(c:/texlive/2023/texmf-dist/tex/generic/pgf/modules/pgfmoduleplot.code.tex
File: pgfmoduleplot.code.tex 2023-01-15 v3.1.10 (3.1.10)
)
(c:/texlive/2023/texmf-dist/tex/latex/pgf/compatibility/pgfcomp-version-0-65.st
y
Package: pgfcomp-version-0-65 2023-01-15 v3.1.10 (3.1.10)
\pgf@nodesepstart=\dimen198
\pgf@nodesepend=\dimen199
)
(c:/texlive/2023/texmf-dist/tex/latex/pgf/compatibility/pgfcomp-version-1-18.st
y
Package: pgfcomp-version-1-18 2023-01-15 v3.1.10 (3.1.10)
)) (c:/texlive/2023/texmf-dist/tex/latex/tools/verbatim.sty
Package: verbatim 2022-07-02 v1.5u LaTeX2e package for verbatim enhancements
\every@verbatim=\toks48
\verbatim@line=\toks49
\verbatim@in@stream=\read4
)
(c:/texlive/2023/texmf-dist/tex/latex/environ/environ.sty
Package: environ 2014/05/04 v0.3 A new way to define environments

(c:/texlive/2023/texmf-dist/tex/latex/trimspaces/trimspaces.sty
Package: trimspaces 2009/09/17 v1.1 Trim spaces around a token list
))
(c:/texlive/2023/texmf-dist/tex/latex/etoolbox/etoolbox.sty
Package: etoolbox 2020/10/05 v2.5k e-TeX tools for LaTeX (JAW)
\etb@tempcnta=\count292
)
\tcb@titlebox=\box68
\tcb@upperbox=\box69
\tcb@lowerbox=\box70
\tcb@phantombox=\box71
\c@tcbbreakpart=\count293
\c@tcblayer=\count294
\c@tcolorbox@number=\count295
\tcb@temp=\box72
\tcb@temp=\box73
\tcb@temp=\box74
\tcb@temp=\box75
)
(c:/texlive/2023/texmf-dist/tex/latex/mdframed/mdframed.sty
Package: mdframed 2013/07/01 1.9b: mdframed

(c:/texlive/2023/texmf-dist/tex/latex/l3packages/xparse/xparse.sty
(c:/texlive/2023/texmf-dist/tex/latex/l3kernel/expl3.sty
Package: expl3 2023-02-22 L3 programming layer (loader) 

(c:/texlive/2023/texmf-dist/tex/latex/l3backend/l3backend-pdftex.def
File: l3backend-pdftex.def 2023-01-16 L3 backend support: PDF output (pdfTeX)
\l__color_backend_stack_int=\count296
\l__pdf_internal_box=\box76
))
Package: xparse 2023-02-02 L3 Experimental document command parser
)
(c:/texlive/2023/texmf-dist/tex/latex/zref/zref-abspage.sty
Package: zref-abspage 2022-04-07 v2.34 Module abspage for zref (HO)

(c:/texlive/2023/texmf-dist/tex/latex/zref/zref-base.sty
Package: zref-base 2022-04-07 v2.34 Module base for zref (HO)

(c:/texlive/2023/texmf-dist/tex/generic/etexcmds/etexcmds.sty
Package: etexcmds 2019/12/15 v1.7 Avoid name clashes with e-TeX commands (HO)
)
(c:/texlive/2023/texmf-dist/tex/latex/auxhook/auxhook.sty
Package: auxhook 2019-12-17 v1.6 Hooks for auxiliary files (HO)
)
Package zref Info: New property list: main on input line 767.
Package zref Info: New property: default on input line 768.
Package zref Info: New property: page on input line 769.
)
(c:/texlive/2023/texmf-dist/tex/latex/base/atbegshi-ltx.sty
Package: atbegshi-ltx 2021/01/10 v1.0c Emulation of the original atbegshi
package with kernel methods
)
\c@abspage=\count297
Package zref Info: New property: abspage on input line 65.
)
(c:/texlive/2023/texmf-dist/tex/latex/needspace/needspace.sty
Package: needspace 2010/09/12 v1.3d reserve vertical space
)
\mdf@templength=\skip69
\c@mdf@globalstyle@cnt=\count298
\mdf@skipabove@length=\skip70
\mdf@skipbelow@length=\skip71
\mdf@leftmargin@length=\skip72
\mdf@rightmargin@length=\skip73
\mdf@innerleftmargin@length=\skip74
\mdf@innerrightmargin@length=\skip75
\mdf@innertopmargin@length=\skip76
\mdf@innerbottommargin@length=\skip77
\mdf@splittopskip@length=\skip78
\mdf@splitbottomskip@length=\skip79
\mdf@outermargin@length=\skip80
\mdf@innermargin@length=\skip81
\mdf@linewidth@length=\skip82
\mdf@innerlinewidth@length=\skip83
\mdf@middlelinewidth@length=\skip84
\mdf@outerlinewidth@length=\skip85
\mdf@roundcorner@length=\skip86
\mdf@footenotedistance@length=\skip87
\mdf@userdefinedwidth@length=\skip88
\mdf@needspace@length=\skip89
\mdf@frametitleaboveskip@length=\skip90
\mdf@frametitlebelowskip@length=\skip91
\mdf@frametitlerulewidth@length=\skip92
\mdf@frametitleleftmargin@length=\skip93
\mdf@frametitlerightmargin@length=\skip94
\mdf@shadowsize@length=\skip95
\mdf@extratopheight@length=\skip96
\mdf@subtitleabovelinewidth@length=\skip97
\mdf@subtitlebelowlinewidth@length=\skip98
\mdf@subtitleaboveskip@length=\skip99
\mdf@subtitlebelowskip@length=\skip100
\mdf@subtitleinneraboveskip@length=\skip101
\mdf@subtitleinnerbelowskip@length=\skip102
\mdf@subsubtitleabovelinewidth@length=\skip103
\mdf@subsubtitlebelowlinewidth@length=\skip104
\mdf@subsubtitleaboveskip@length=\skip105
\mdf@subsubtitlebelowskip@length=\skip106
\mdf@subsubtitleinneraboveskip@length=\skip107
\mdf@subsubtitleinnerbelowskip@length=\skip108

(c:/texlive/2023/texmf-dist/tex/latex/mdframed/md-frame-0.mdf
File: md-frame-0.mdf 2013/07/01\ 1.9b: md-frame-0
)
\mdf@frametitlebox=\box77
\mdf@footnotebox=\box78
\mdf@splitbox@one=\box79
\mdf@splitbox@two=\box80
\mdf@splitbox@save=\box81
\mdfsplitboxwidth=\skip109
\mdfsplitboxtotalwidth=\skip110
\mdfsplitboxheight=\skip111
\mdfsplitboxdepth=\skip112
\mdfsplitboxtotalheight=\skip113
\mdfframetitleboxwidth=\skip114
\mdfframetitleboxtotalwidth=\skip115
\mdfframetitleboxheight=\skip116
\mdfframetitleboxdepth=\skip117
\mdfframetitleboxtotalheight=\skip118
\mdffootnoteboxwidth=\skip119
\mdffootnoteboxtotalwidth=\skip120
\mdffootnoteboxheight=\skip121
\mdffootnoteboxdepth=\skip122
\mdffootnoteboxtotalheight=\skip123
\mdftotallinewidth=\skip124
\mdfboundingboxwidth=\skip125
\mdfboundingboxtotalwidth=\skip126
\mdfboundingboxheight=\skip127
\mdfboundingboxdepth=\skip128
\mdfboundingboxtotalheight=\skip129
\mdf@freevspace@length=\skip130
\mdf@horizontalwidthofbox@length=\skip131
\mdf@verticalmarginwhole@length=\skip132
\mdf@horizontalspaceofbox=\skip133
\mdfsubtitleheight=\skip134
\mdfsubsubtitleheight=\skip135
\c@mdfcountframes=\count299

****** mdframed patching \endmdf@trivlist

****** -- success******

\mdf@envdepth=\count300
\c@mdf@env@i=\count301
\c@mdf@env@ii=\count302
\c@mdf@zref@counter=\count303
Package zref Info: New property: mdf@pagevalue on input line 895.
)
(c:/texlive/2023/texmf-dist/tex/latex/framed/framed.sty
Package: framed 2011/10/22 v 0.96: framed or shaded text with page breaks
\OuterFrameSep=\skip136
\fb@frw=\dimen256
\fb@frh=\dimen257
\FrameRule=\dimen258
\FrameSep=\dimen259
)
(c:/texlive/2023/texmf-dist/tex/latex/graphbox/graphbox.sty
Package: graphbox 2018/01/17 v1.1 extension for graphicx to adjust containing b
ox
\Gin@box@box=\box82
\Gin@box@width=\skip137
\Gin@box@height=\skip138
\Gin@box@raise=\skip139
\Gin@box@hspace=\skip140
\Gin@box@bwidth=\skip141
\Gin@box@bheight=\skip142
)
(c:/texlive/2023/texmf-dist/tex/latex/makecell/makecell.sty
Package: makecell 2009/08/03 V0.1e Managing of Tab Column Heads and Cells

(c:/texlive/2023/texmf-dist/tex/latex/tools/array.sty
Package: array 2022/09/04 v2.5g Tabular extension package (FMi)
\col@sep=\dimen260
\ar@mcellbox=\box83
\extrarowheight=\dimen261
\NC@list=\toks50
\extratabsurround=\skip143
\backup@length=\skip144
\ar@cellbox=\box84
)
\rotheadsize=\dimen262
\c@nlinenum=\count304
\TeXr@lab=\toks51
)
(c:/texlive/2023/texmf-dist/tex/latex/diagbox/diagbox.sty
Package: diagbox 2020/02/09 v2.3 Making table heads with diagonal lines

(c:/texlive/2023/texmf-dist/tex/latex/pict2e/pict2e.sty
Package: pict2e 2020/09/30 v0.4b Improved picture commands (HjG,RN,JT)

(c:/texlive/2023/texmf-dist/tex/latex/pict2e/pict2e.cfg
File: pict2e.cfg 2016/02/05 v0.1u pict2e configuration for teTeX/TeXLive
)
Package pict2e Info: Driver file: pdftex.def on input line 112.
Package pict2e Info: Driver file for pict2e: p2e-pdftex.def on input line 114.

(c:/texlive/2023/texmf-dist/tex/latex/pict2e/p2e-pdftex.def
File: p2e-pdftex.def 2016/02/05 v0.1u Driver-dependant file (RN,HjG,JT)
)
\pIIe@GRAPH=\toks52
\@arclen=\dimen263
\@arcrad=\dimen264
\pIIe@tempdima=\dimen265
\pIIe@tempdimb=\dimen266
\pIIe@tempdimc=\dimen267
\pIIe@tempdimd=\dimen268
\pIIe@tempdime=\dimen269
\pIIe@tempdimf=\dimen270
)
(c:/texlive/2023/texmf-dist/tex/latex/tools/calc.sty
Package: calc 2017/05/25 v4.3 Infix arithmetic (KKT,FJ)
\calc@Acount=\count305
\calc@Bcount=\count306
\calc@Adimen=\dimen271
\calc@Bdimen=\dimen272
\calc@Askip=\skip145
\calc@Bskip=\skip146
LaTeX Info: Redefining \setlength on input line 80.
LaTeX Info: Redefining \addtolength on input line 81.
\calc@Ccount=\count307
\calc@Cskip=\skip147
)
\diagbox@boxa=\box85
\diagbox@boxb=\box86
\diagbox@boxm=\box87
\diagbox@wd=\dimen273
\diagbox@ht=\dimen274
\diagbox@insepl=\dimen275
\diagbox@insepr=\dimen276
\diagbox@outsepl=\dimen277
\diagbox@outsepr=\dimen278
)
(c:/texlive/2023/texmf-dist/tex/latex/booktabs/booktabs.sty
Package: booktabs 2020/01/12 v1.61803398 Publication quality tables
\heavyrulewidth=\dimen279
\lightrulewidth=\dimen280
\cmidrulewidth=\dimen281
\belowrulesep=\dimen282
\belowbottomsep=\dimen283
\aboverulesep=\dimen284
\abovetopsep=\dimen285
\cmidrulesep=\dimen286
\cmidrulekern=\dimen287
\defaultaddspace=\dimen288
\@cmidla=\count308
\@cmidlb=\count309
\@aboverulesep=\dimen289
\@belowrulesep=\dimen290
\@thisruleclass=\count310
\@lastruleclass=\count311
\@thisrulewidth=\dimen291
)
(c:/texlive/2023/texmf-dist/tex/latex/threeparttable/threeparttable.sty
Package: threeparttable 2003/06/13  v 3.0
\@tempboxb=\box88
)
(c:/texlive/2023/texmf-dist/tex/latex/appendix/appendix.sty
Package: appendix 2020/02/08 v1.2c extra appendix facilities
\c@@pps=\count312
\c@@ppsavesec=\count313
\c@@ppsaveapp=\count314
)
\c@definition=\count315
\c@theorem=\count316
\c@remark=\count317
\c@example=\count318
\c@proposition=\count319
\c@algorithm=\count320

(./signature_2023_ver_2.aux)
\openout1 = `signature_2023_ver_2.aux'.

LaTeX Font Info:    Checking defaults for OML/cmm/m/it on input line 59.
LaTeX Font Info:    ... okay on input line 59.
LaTeX Font Info:    Checking defaults for OMS/cmsy/m/n on input line 59.
LaTeX Font Info:    ... okay on input line 59.
LaTeX Font Info:    Checking defaults for OT1/cmr/m/n on input line 59.
LaTeX Font Info:    ... okay on input line 59.
LaTeX Font Info:    Checking defaults for T1/cmr/m/n on input line 59.
LaTeX Font Info:    ... okay on input line 59.
LaTeX Font Info:    Checking defaults for TS1/cmr/m/n on input line 59.
LaTeX Font Info:    ... okay on input line 59.
LaTeX Font Info:    Checking defaults for OMX/cmex/m/n on input line 59.
LaTeX Font Info:    ... okay on input line 59.
LaTeX Font Info:    Checking defaults for U/cmr/m/n on input line 59.
LaTeX Font Info:    ... okay on input line 59.

(c:/texlive/2023/texmf-dist/tex/context/base/mkii/supp-pdf.mkii
[Loading MPS to PDF converter (version 2006.09.02).]
\scratchcounter=\count321
\scratchdimen=\dimen292
\scratchbox=\box89
\nofMPsegments=\count322
\nofMParguments=\count323
\everyMPshowfont=\toks53
\MPscratchCnt=\count324
\MPscratchDim=\dimen293
\MPnumerator=\count325
\makeMPintoPDFobject=\count326
\everyMPtoPDFconversion=\toks54
)
LaTeX Font Info:    Trying to load font information for U+msa on input line 61.

 (c:/texlive/2023/texmf-dist/tex/latex/amsfonts/umsa.fd
File: umsa.fd 2013/01/14 v3.01 AMS symbols A
)
LaTeX Font Info:    Trying to load font information for U+msb on input line 61.


(c:/texlive/2023/texmf-dist/tex/latex/amsfonts/umsb.fd
File: umsb.fd 2013/01/14 v3.01 AMS symbols B
) [1

{c:/texlive/2023/texmf-var/fonts/map/pdftex/updmap/pdftex.map}{c:/texlive/2023/
texmf-dist/fonts/enc/dvips/cm-super/cm-super-ts1.enc}] [2] [3] [4] [5] [6]
Package epstopdf Info: Source file: <fig//fBm_grid=100_Hdiscrete.eps>
(epstopdf)                    date: 2023-11-03 12:01:36
(epstopdf)                    size: 44732 bytes
(epstopdf)             Output file: <fig//fBm_grid=100_Hdiscrete-eps-converted-
to.pdf>
(epstopdf)                    date: 2023-11-05 16:43:00
(epstopdf)                    size: 19182 bytes
(epstopdf)             Command: <repstopdf --outfile=fig//fBm_grid=100_Hdiscret
e-eps-converted-to.pdf fig//fBm_grid=100_Hdiscrete.eps>
(epstopdf)             \includegraphics on input line 322.
Package epstopdf Info: Output file is already uptodate.
<fig//fBm_grid=100_Hdiscrete-eps-converted-to.pdf, id=40, 620.3175pt x 559.0887
5pt>
File: fig//fBm_grid=100_Hdiscrete-eps-converted-to.pdf Graphic file (type pdf)
<use fig//fBm_grid=100_Hdiscrete-eps-converted-to.pdf>
Package pdftex.def Info: fig//fBm_grid=100_Hdiscrete-eps-converted-to.pdf  used
 on input line 322.
(pdftex.def)             Requested size: 110.40253pt x 99.50554pt.
Package epstopdf Info: Source file: <fig//fBm_grid=100_Huniform.eps>
(epstopdf)                    date: 2023-11-04 00:36:44
(epstopdf)                    size: 42241 bytes
(epstopdf)             Output file: <fig//fBm_grid=100_Huniform-eps-converted-t
o.pdf>
(epstopdf)                    date: 2023-11-05 16:43:00
(epstopdf)                    size: 18645 bytes
(epstopdf)             Command: <repstopdf --outfile=fig//fBm_grid=100_Huniform
-eps-converted-to.pdf fig//fBm_grid=100_Huniform.eps>
(epstopdf)             \includegraphics on input line 323.
Package epstopdf Info: Output file is already uptodate.
<fig//fBm_grid=100_Huniform-eps-converted-to.pdf, id=41, 620.3175pt x 559.08875
pt>
File: fig//fBm_grid=100_Huniform-eps-converted-to.pdf Graphic file (type pdf)
<use fig//fBm_grid=100_Huniform-eps-converted-to.pdf>
Package pdftex.def Info: fig//fBm_grid=100_Huniform-eps-converted-to.pdf  used 
on input line 323.
(pdftex.def)             Requested size: 110.40253pt x 99.50554pt.
Package epstopdf Info: Source file: <fig//fBm_grid=100_Hbeta.eps>
(epstopdf)                    date: 2023-11-04 11:24:17
(epstopdf)                    size: 42218 bytes
(epstopdf)             Output file: <fig//fBm_grid=100_Hbeta-eps-converted-to.p
df>
(epstopdf)                    date: 2023-11-05 16:43:01
(epstopdf)                    size: 18606 bytes
(epstopdf)             Command: <repstopdf --outfile=fig//fBm_grid=100_Hbeta-ep
s-converted-to.pdf fig//fBm_grid=100_Hbeta.eps>
(epstopdf)             \includegraphics on input line 324.
Package epstopdf Info: Output file is already uptodate.
<fig//fBm_grid=100_Hbeta-eps-converted-to.pdf, id=42, 620.3175pt x 559.08875pt>

File: fig//fBm_grid=100_Hbeta-eps-converted-to.pdf Graphic file (type pdf)
<use fig//fBm_grid=100_Hbeta-eps-converted-to.pdf>
Package pdftex.def Info: fig//fBm_grid=100_Hbeta-eps-converted-to.pdf  used on 
input line 324.
(pdftex.def)             Requested size: 110.40253pt x 99.50554pt.
Package epstopdf Info: Source file: <fig//fBm_grid=200_Hdiscrete.eps>
(epstopdf)                    date: 2023-11-04 15:26:43
(epstopdf)                    size: 45139 bytes
(epstopdf)             Output file: <fig//fBm_grid=200_Hdiscrete-eps-converted-
to.pdf>
(epstopdf)                    date: 2023-11-05 16:43:02
(epstopdf)                    size: 19169 bytes
(epstopdf)             Command: <repstopdf --outfile=fig//fBm_grid=200_Hdiscret
e-eps-converted-to.pdf fig//fBm_grid=200_Hdiscrete.eps>
(epstopdf)             \includegraphics on input line 325.
Package epstopdf Info: Output file is already uptodate.
<fig//fBm_grid=200_Hdiscrete-eps-converted-to.pdf, id=43, 620.3175pt x 559.0887
5pt>
File: fig//fBm_grid=200_Hdiscrete-eps-converted-to.pdf Graphic file (type pdf)
<use fig//fBm_grid=200_Hdiscrete-eps-converted-to.pdf>
Package pdftex.def Info: fig//fBm_grid=200_Hdiscrete-eps-converted-to.pdf  used
 on input line 325.
(pdftex.def)             Requested size: 110.40253pt x 99.50554pt.
Package epstopdf Info: Source file: <fig//fBm_grid=200_Huniform.eps>
(epstopdf)                    date: 2023-11-04 15:04:51
(epstopdf)                    size: 42838 bytes
(epstopdf)             Output file: <fig//fBm_grid=200_Huniform-eps-converted-t
o.pdf>
(epstopdf)                    date: 2023-11-05 16:43:02
(epstopdf)                    size: 18657 bytes
(epstopdf)             Command: <repstopdf --outfile=fig//fBm_grid=200_Huniform
-eps-converted-to.pdf fig//fBm_grid=200_Huniform.eps>
(epstopdf)             \includegraphics on input line 326.
Package epstopdf Info: Output file is already uptodate.
<fig//fBm_grid=200_Huniform-eps-converted-to.pdf, id=44, 620.3175pt x 559.08875
pt>
File: fig//fBm_grid=200_Huniform-eps-converted-to.pdf Graphic file (type pdf)
<use fig//fBm_grid=200_Huniform-eps-converted-to.pdf>
Package pdftex.def Info: fig//fBm_grid=200_Huniform-eps-converted-to.pdf  used 
on input line 326.
(pdftex.def)             Requested size: 110.40253pt x 99.50554pt.
Package epstopdf Info: Source file: <fig//fBm_grid=200_Hbeta.eps>
(epstopdf)                    date: 2023-11-04 12:17:01
(epstopdf)                    size: 46586 bytes
(epstopdf)             Output file: <fig//fBm_grid=200_Hbeta-eps-converted-to.p
df>
(epstopdf)                    date: 2023-11-05 16:43:03
(epstopdf)                    size: 18359 bytes
(epstopdf)             Command: <repstopdf --outfile=fig//fBm_grid=200_Hbeta-ep
s-converted-to.pdf fig//fBm_grid=200_Hbeta.eps>
(epstopdf)             \includegraphics on input line 327.
Package epstopdf Info: Output file is already uptodate.
<fig//fBm_grid=200_Hbeta-eps-converted-to.pdf, id=45, 620.3175pt x 559.08875pt>

File: fig//fBm_grid=200_Hbeta-eps-converted-to.pdf Graphic file (type pdf)
<use fig//fBm_grid=200_Hbeta-eps-converted-to.pdf>
Package pdftex.def Info: fig//fBm_grid=200_Hbeta-eps-converted-to.pdf  used on 
input line 327.
(pdftex.def)             Requested size: 110.40253pt x 99.50554pt.
Package epstopdf Info: Source file: <fig//fBm_grid=300_Hdiscrete.eps>
(epstopdf)                    date: 2023-11-04 17:37:55
(epstopdf)                    size: 44339 bytes
(epstopdf)             Output file: <fig//fBm_grid=300_Hdiscrete-eps-converted-
to.pdf>
(epstopdf)                    date: 2023-11-05 16:43:04
(epstopdf)                    size: 19116 bytes
(epstopdf)             Command: <repstopdf --outfile=fig//fBm_grid=300_Hdiscret
e-eps-converted-to.pdf fig//fBm_grid=300_Hdiscrete.eps>
(epstopdf)             \includegraphics on input line 328.
Package epstopdf Info: Output file is already uptodate.
<fig//fBm_grid=300_Hdiscrete-eps-converted-to.pdf, id=46, 620.3175pt x 559.0887
5pt>
File: fig//fBm_grid=300_Hdiscrete-eps-converted-to.pdf Graphic file (type pdf)
<use fig//fBm_grid=300_Hdiscrete-eps-converted-to.pdf>
Package pdftex.def Info: fig//fBm_grid=300_Hdiscrete-eps-converted-to.pdf  used
 on input line 328.
(pdftex.def)             Requested size: 110.40253pt x 99.50554pt.
Package epstopdf Info: Source file: <fig//fBm_grid=300_Huniform.eps>
(epstopdf)                    date: 2023-11-04 18:07:22
(epstopdf)                    size: 42504 bytes
(epstopdf)             Output file: <fig//fBm_grid=300_Huniform-eps-converted-t
o.pdf>
(epstopdf)                    date: 2023-11-05 16:43:05
(epstopdf)                    size: 18598 bytes
(epstopdf)             Command: <repstopdf --outfile=fig//fBm_grid=300_Huniform
-eps-converted-to.pdf fig//fBm_grid=300_Huniform.eps>
(epstopdf)             \includegraphics on input line 329.
Package epstopdf Info: Output file is already uptodate.
<fig//fBm_grid=300_Huniform-eps-converted-to.pdf, id=47, 620.3175pt x 559.08875
pt>
File: fig//fBm_grid=300_Huniform-eps-converted-to.pdf Graphic file (type pdf)
<use fig//fBm_grid=300_Huniform-eps-converted-to.pdf>
Package pdftex.def Info: fig//fBm_grid=300_Huniform-eps-converted-to.pdf  used 
on input line 329.
(pdftex.def)             Requested size: 110.40253pt x 99.50554pt.
Package epstopdf Info: Source file: <fig//fBm_grid=300_Hbeta.eps>
(epstopdf)                    date: 2023-11-04 19:19:11
(epstopdf)                    size: 45367 bytes
(epstopdf)             Output file: <fig//fBm_grid=300_Hbeta-eps-converted-to.p
df>
(epstopdf)                    date: 2023-11-05 16:43:05
(epstopdf)                    size: 18246 bytes
(epstopdf)             Command: <repstopdf --outfile=fig//fBm_grid=300_Hbeta-ep
s-converted-to.pdf fig//fBm_grid=300_Hbeta.eps>
(epstopdf)             \includegraphics on input line 330.
Package epstopdf Info: Output file is already uptodate.
<fig//fBm_grid=300_Hbeta-eps-converted-to.pdf, id=48, 620.3175pt x 559.08875pt>

File: fig//fBm_grid=300_Hbeta-eps-converted-to.pdf Graphic file (type pdf)
<use fig//fBm_grid=300_Hbeta-eps-converted-to.pdf>
Package pdftex.def Info: fig//fBm_grid=300_Hbeta-eps-converted-to.pdf  used on 
input line 330.
(pdftex.def)             Requested size: 110.40253pt x 99.50554pt.
Package epstopdf Info: Source file: <fig//fBm_grid=400_Hdiscrete.eps>
(epstopdf)                    date: 2023-11-04 22:39:54
(epstopdf)                    size: 44952 bytes
(epstopdf)             Output file: <fig//fBm_grid=400_Hdiscrete-eps-converted-
to.pdf>
(epstopdf)                    date: 2023-11-05 16:43:06
(epstopdf)                    size: 19164 bytes
(epstopdf)             Command: <repstopdf --outfile=fig//fBm_grid=400_Hdiscret
e-eps-converted-to.pdf fig//fBm_grid=400_Hdiscrete.eps>
(epstopdf)             \includegraphics on input line 331.
Package epstopdf Info: Output file is already uptodate.
<fig//fBm_grid=400_Hdiscrete-eps-converted-to.pdf, id=49, 620.3175pt x 559.0887
5pt>
File: fig//fBm_grid=400_Hdiscrete-eps-converted-to.pdf Graphic file (type pdf)
<use fig//fBm_grid=400_Hdiscrete-eps-converted-to.pdf>
Package pdftex.def Info: fig//fBm_grid=400_Hdiscrete-eps-converted-to.pdf  used
 on input line 331.
(pdftex.def)             Requested size: 110.40253pt x 99.50554pt.
Package epstopdf Info: Source file: <fig//fBm_grid=400_Huniform.eps>
(epstopdf)                    date: 2023-11-04 21:56:35
(epstopdf)                    size: 42908 bytes
(epstopdf)             Output file: <fig//fBm_grid=400_Huniform-eps-converted-t
o.pdf>
(epstopdf)                    date: 2023-11-05 16:43:07
(epstopdf)                    size: 18605 bytes
(epstopdf)             Command: <repstopdf --outfile=fig//fBm_grid=400_Huniform
-eps-converted-to.pdf fig//fBm_grid=400_Huniform.eps>
(epstopdf)             \includegraphics on input line 332.
Package epstopdf Info: Output file is already uptodate.
<fig//fBm_grid=400_Huniform-eps-converted-to.pdf, id=50, 620.3175pt x 559.08875
pt>
File: fig//fBm_grid=400_Huniform-eps-converted-to.pdf Graphic file (type pdf)
<use fig//fBm_grid=400_Huniform-eps-converted-to.pdf>
Package pdftex.def Info: fig//fBm_grid=400_Huniform-eps-converted-to.pdf  used 
on input line 332.
(pdftex.def)             Requested size: 110.40253pt x 99.50554pt.
Package epstopdf Info: Source file: <fig//fBm_grid=400_Hbeta.eps>
(epstopdf)                    date: 2023-11-04 21:18:20
(epstopdf)                    size: 48255 bytes
(epstopdf)             Output file: <fig//fBm_grid=400_Hbeta-eps-converted-to.p
df>
(epstopdf)                    date: 2023-11-05 16:43:07
(epstopdf)                    size: 18263 bytes
(epstopdf)             Command: <repstopdf --outfile=fig//fBm_grid=400_Hbeta-ep
s-converted-to.pdf fig//fBm_grid=400_Hbeta.eps>
(epstopdf)             \includegraphics on input line 333.
Package epstopdf Info: Output file is already uptodate.
<fig//fBm_grid=400_Hbeta-eps-converted-to.pdf, id=51, 620.3175pt x 559.08875pt>

File: fig//fBm_grid=400_Hbeta-eps-converted-to.pdf Graphic file (type pdf)
<use fig//fBm_grid=400_Hbeta-eps-converted-to.pdf>
Package pdftex.def Info: fig//fBm_grid=400_Hbeta-eps-converted-to.pdf  used on 
input line 333.
(pdftex.def)             Requested size: 110.40253pt x 99.50554pt.
Package epstopdf Info: Source file: <fig//fBm_grid=500_Hdiscrete.eps>
(epstopdf)                    date: 2023-11-04 23:31:17
(epstopdf)                    size: 44536 bytes
(epstopdf)             Output file: <fig//fBm_grid=500_Hdiscrete-eps-converted-
to.pdf>
(epstopdf)                    date: 2023-11-05 16:43:08
(epstopdf)                    size: 19200 bytes
(epstopdf)             Command: <repstopdf --outfile=fig//fBm_grid=500_Hdiscret
e-eps-converted-to.pdf fig//fBm_grid=500_Hdiscrete.eps>
(epstopdf)             \includegraphics on input line 334.
Package epstopdf Info: Output file is already uptodate.
<fig//fBm_grid=500_Hdiscrete-eps-converted-to.pdf, id=52, 620.3175pt x 559.0887
5pt>
File: fig//fBm_grid=500_Hdiscrete-eps-converted-to.pdf Graphic file (type pdf)
<use fig//fBm_grid=500_Hdiscrete-eps-converted-to.pdf>
Package pdftex.def Info: fig//fBm_grid=500_Hdiscrete-eps-converted-to.pdf  used
 on input line 334.
(pdftex.def)             Requested size: 110.40253pt x 99.50554pt.
Package epstopdf Info: Source file: <fig//fBm_grid=500_Huniform.eps>
(epstopdf)                    date: 2023-11-05 00:21:04
(epstopdf)                    size: 44326 bytes
(epstopdf)             Output file: <fig//fBm_grid=500_Huniform-eps-converted-t
o.pdf>
(epstopdf)                    date: 2023-11-05 16:43:09
(epstopdf)                    size: 18674 bytes
(epstopdf)             Command: <repstopdf --outfile=fig//fBm_grid=500_Huniform
-eps-converted-to.pdf fig//fBm_grid=500_Huniform.eps>
(epstopdf)             \includegraphics on input line 335.
Package epstopdf Info: Output file is already uptodate.
<fig//fBm_grid=500_Huniform-eps-converted-to.pdf, id=53, 620.3175pt x 559.08875
pt>
File: fig//fBm_grid=500_Huniform-eps-converted-to.pdf Graphic file (type pdf)
<use fig//fBm_grid=500_Huniform-eps-converted-to.pdf>
Package pdftex.def Info: fig//fBm_grid=500_Huniform-eps-converted-to.pdf  used 
on input line 335.
(pdftex.def)             Requested size: 110.40253pt x 99.50554pt.
Package epstopdf Info: Source file: <fig//fBm_grid=500_Hbeta.eps>
(epstopdf)                    date: 2023-11-05 02:09:08
(epstopdf)                    size: 47993 bytes
(epstopdf)             Output file: <fig//fBm_grid=500_Hbeta-eps-converted-to.p
df>
(epstopdf)                    date: 2023-11-05 16:43:10
(epstopdf)                    size: 17886 bytes
(epstopdf)             Command: <repstopdf --outfile=fig//fBm_grid=500_Hbeta-ep
s-converted-to.pdf fig//fBm_grid=500_Hbeta.eps>
(epstopdf)             \includegraphics on input line 336.
Package epstopdf Info: Output file is already uptodate.
<fig//fBm_grid=500_Hbeta-eps-converted-to.pdf, id=54, 620.3175pt x 559.08875pt>

File: fig//fBm_grid=500_Hbeta-eps-converted-to.pdf Graphic file (type pdf)
<use fig//fBm_grid=500_Hbeta-eps-converted-to.pdf>
Package pdftex.def Info: fig//fBm_grid=500_Hbeta-eps-converted-to.pdf  used on 
input line 336.
(pdftex.def)             Requested size: 110.40253pt x 99.50554pt.
 [7]
Overfull \vbox (113.23044pt too high) has occurred while \output is active []


[8 <./fig//fBm_grid=100_Hdiscrete-eps-converted-to.pdf> <./fig//fBm_grid=100_Hu
niform-eps-converted-to.pdf> <./fig//fBm_grid=100_Hbeta-eps-converted-to.pdf> <
./fig//fBm_grid=200_Hdiscrete-eps-converted-to.pdf> <./fig//fBm_grid=200_Hunifo
rm-eps-converted-to.pdf> <./fig//fBm_grid=200_Hbeta-eps-converted-to.pdf> <./fi
g//fBm_grid=300_Hdiscrete-eps-converted-to.pdf> <./fig//fBm_grid=300_Huniform-e
ps-converted-to.pdf> <./fig//fBm_grid=300_Hbeta-eps-converted-to.pdf> <./fig//f
Bm_grid=400_Hdiscrete-eps-converted-to.pdf> <./fig//fBm_grid=400_Huniform-eps-c
onverted-to.pdf> <./fig//fBm_grid=400_Hbeta-eps-converted-to.pdf> <./fig//fBm_g
rid=500_Hdiscrete-eps-converted-to.pdf> <./fig//fBm_grid=500_Huniform-eps-conve
rted-to.pdf> <./fig//fBm_grid=500_Hbeta-eps-converted-to.pdf>]
Package epstopdf Info: Source file: <fig//rBergomi_grid=100_Hdiscrete_eta=1_v0=
0.01.eps>
(epstopdf)                    date: 2023-11-03 11:46:00
(epstopdf)                    size: 39128 bytes
(epstopdf)             Output file: <fig//rBergomi_grid=100_Hdiscrete_eta=1_v0=
0.01-eps-converted-to.pdf>
(epstopdf)                    date: 2023-11-05 16:50:38
(epstopdf)                    size: 18545 bytes
(epstopdf)             Command: <repstopdf --outfile=fig//rBergomi_grid=100_Hdi
screte_eta=1_v0=0.01-eps-converted-to.pdf fig//rBergomi_grid=100_Hdiscrete_eta=
1_v0=0.01.eps>
(epstopdf)             \includegraphics on input line 343.
Package epstopdf Info: Output file is already uptodate.
<fig//rBergomi_grid=100_Hdiscrete_eta=1_v0=0.01-eps-converted-to.pdf, id=623, 6
20.3175pt x 559.08875pt>
File: fig//rBergomi_grid=100_Hdiscrete_eta=1_v0=0.01-eps-converted-to.pdf Graph
ic file (type pdf)
<use fig//rBergomi_grid=100_Hdiscrete_eta=1_v0=0.01-eps-converted-to.pdf>
Package pdftex.def Info: fig//rBergomi_grid=100_Hdiscrete_eta=1_v0=0.01-eps-con
verted-to.pdf  used on input line 343.
(pdftex.def)             Requested size: 110.40253pt x 99.50554pt.
Package epstopdf Info: Source file: <fig//rBergomi_grid=100_Huniform_eta=1_v0=0
.01.eps>
(epstopdf)                    date: 2023-11-04 01:41:08
(epstopdf)                    size: 39362 bytes
(epstopdf)             Output file: <fig//rBergomi_grid=100_Huniform_eta=1_v0=0
.01-eps-converted-to.pdf>
(epstopdf)                    date: 2023-11-05 16:50:39
(epstopdf)                    size: 18493 bytes
(epstopdf)             Command: <repstopdf --outfile=fig//rBergomi_grid=100_Hun
iform_eta=1_v0=0.01-eps-converted-to.pdf fig//rBergomi_grid=100_Huniform_eta=1_
v0=0.01.eps>
(epstopdf)             \includegraphics on input line 344.
Package epstopdf Info: Output file is already uptodate.
<fig//rBergomi_grid=100_Huniform_eta=1_v0=0.01-eps-converted-to.pdf, id=624, 62
0.3175pt x 559.08875pt>
File: fig//rBergomi_grid=100_Huniform_eta=1_v0=0.01-eps-converted-to.pdf Graphi
c file (type pdf)
<use fig//rBergomi_grid=100_Huniform_eta=1_v0=0.01-eps-converted-to.pdf>
Package pdftex.def Info: fig//rBergomi_grid=100_Huniform_eta=1_v0=0.01-eps-conv
erted-to.pdf  used on input line 344.
(pdftex.def)             Requested size: 110.40253pt x 99.50554pt.
Package epstopdf Info: Source file: <fig//rBergomi_grid=100_Hbeta_eta=1_v0=0.01
.eps>
(epstopdf)                    date: 2023-11-04 10:38:52
(epstopdf)                    size: 39855 bytes
(epstopdf)             Output file: <fig//rBergomi_grid=100_Hbeta_eta=1_v0=0.01
-eps-converted-to.pdf>
(epstopdf)                    date: 2023-11-05 16:50:39
(epstopdf)                    size: 18032 bytes
(epstopdf)             Command: <repstopdf --outfile=fig//rBergomi_grid=100_Hbe
ta_eta=1_v0=0.01-eps-converted-to.pdf fig//rBergomi_grid=100_Hbeta_eta=1_v0=0.0
1.eps>
(epstopdf)             \includegraphics on input line 345.
Package epstopdf Info: Output file is already uptodate.
<fig//rBergomi_grid=100_Hbeta_eta=1_v0=0.01-eps-converted-to.pdf, id=625, 620.3
175pt x 559.08875pt>
File: fig//rBergomi_grid=100_Hbeta_eta=1_v0=0.01-eps-converted-to.pdf Graphic f
ile (type pdf)
<use fig//rBergomi_grid=100_Hbeta_eta=1_v0=0.01-eps-converted-to.pdf>
Package pdftex.def Info: fig//rBergomi_grid=100_Hbeta_eta=1_v0=0.01-eps-convert
ed-to.pdf  used on input line 345.
(pdftex.def)             Requested size: 110.40253pt x 99.50554pt.
Package epstopdf Info: Source file: <fig//rBergomi_grid=200_Hdiscrete_eta=1_v0=
0.01.eps>
(epstopdf)                    date: 2023-11-04 16:04:53
(epstopdf)                    size: 40193 bytes
(epstopdf)             Output file: <fig//rBergomi_grid=200_Hdiscrete_eta=1_v0=
0.01-eps-converted-to.pdf>
(epstopdf)                    date: 2023-11-05 16:50:40
(epstopdf)                    size: 18601 bytes
(epstopdf)             Command: <repstopdf --outfile=fig//rBergomi_grid=200_Hdi
screte_eta=1_v0=0.01-eps-converted-to.pdf fig//rBergomi_grid=200_Hdiscrete_eta=
1_v0=0.01.eps>
(epstopdf)             \includegraphics on input line 346.
Package epstopdf Info: Output file is already uptodate.
<fig//rBergomi_grid=200_Hdiscrete_eta=1_v0=0.01-eps-converted-to.pdf, id=626, 6
20.3175pt x 559.08875pt>
File: fig//rBergomi_grid=200_Hdiscrete_eta=1_v0=0.01-eps-converted-to.pdf Graph
ic file (type pdf)
<use fig//rBergomi_grid=200_Hdiscrete_eta=1_v0=0.01-eps-converted-to.pdf>
Package pdftex.def Info: fig//rBergomi_grid=200_Hdiscrete_eta=1_v0=0.01-eps-con
verted-to.pdf  used on input line 346.
(pdftex.def)             Requested size: 110.40253pt x 99.50554pt.
Package epstopdf Info: Source file: <fig//rBergomi_grid=200_Huniform_eta=1_v0=0
.01.eps>
(epstopdf)                    date: 2023-11-04 14:01:56
(epstopdf)                    size: 40179 bytes
(epstopdf)             Output file: <fig//rBergomi_grid=200_Huniform_eta=1_v0=0
.01-eps-converted-to.pdf>
(epstopdf)                    date: 2023-11-05 16:50:41
(epstopdf)                    size: 18576 bytes
(epstopdf)             Command: <repstopdf --outfile=fig//rBergomi_grid=200_Hun
iform_eta=1_v0=0.01-eps-converted-to.pdf fig//rBergomi_grid=200_Huniform_eta=1_
v0=0.01.eps>
(epstopdf)             \includegraphics on input line 347.
Package epstopdf Info: Output file is already uptodate.
<fig//rBergomi_grid=200_Huniform_eta=1_v0=0.01-eps-converted-to.pdf, id=627, 62
0.3175pt x 559.08875pt>
File: fig//rBergomi_grid=200_Huniform_eta=1_v0=0.01-eps-converted-to.pdf Graphi
c file (type pdf)
<use fig//rBergomi_grid=200_Huniform_eta=1_v0=0.01-eps-converted-to.pdf>
Package pdftex.def Info: fig//rBergomi_grid=200_Huniform_eta=1_v0=0.01-eps-conv
erted-to.pdf  used on input line 347.
(pdftex.def)             Requested size: 110.40253pt x 99.50554pt.
Package epstopdf Info: Source file: <fig//rBergomi_grid=200_Hbeta_eta=1_v0=0.01
.eps>
(epstopdf)                    date: 2023-11-04 13:29:37
(epstopdf)                    size: 40328 bytes
(epstopdf)             Output file: <fig//rBergomi_grid=200_Hbeta_eta=1_v0=0.01
-eps-converted-to.pdf>
(epstopdf)                    date: 2023-11-05 16:50:41
(epstopdf)                    size: 18062 bytes
(epstopdf)             Command: <repstopdf --outfile=fig//rBergomi_grid=200_Hbe
ta_eta=1_v0=0.01-eps-converted-to.pdf fig//rBergomi_grid=200_Hbeta_eta=1_v0=0.0
1.eps>
(epstopdf)             \includegraphics on input line 348.
Package epstopdf Info: Output file is already uptodate.
<fig//rBergomi_grid=200_Hbeta_eta=1_v0=0.01-eps-converted-to.pdf, id=628, 620.3
175pt x 559.08875pt>
File: fig//rBergomi_grid=200_Hbeta_eta=1_v0=0.01-eps-converted-to.pdf Graphic f
ile (type pdf)
<use fig//rBergomi_grid=200_Hbeta_eta=1_v0=0.01-eps-converted-to.pdf>
Package pdftex.def Info: fig//rBergomi_grid=200_Hbeta_eta=1_v0=0.01-eps-convert
ed-to.pdf  used on input line 348.
(pdftex.def)             Requested size: 110.40253pt x 99.50554pt.
Package epstopdf Info: Source file: <fig//rBergomi_grid=300_Hdiscrete_eta=1_v0=
0.01.eps>
(epstopdf)                    date: 2023-11-04 17:37:48
(epstopdf)                    size: 40129 bytes
(epstopdf)             Output file: <fig//rBergomi_grid=300_Hdiscrete_eta=1_v0=
0.01-eps-converted-to.pdf>
(epstopdf)                    date: 2023-11-05 16:50:42
(epstopdf)                    size: 18580 bytes
(epstopdf)             Command: <repstopdf --outfile=fig//rBergomi_grid=300_Hdi
screte_eta=1_v0=0.01-eps-converted-to.pdf fig//rBergomi_grid=300_Hdiscrete_eta=
1_v0=0.01.eps>
(epstopdf)             \includegraphics on input line 349.
Package epstopdf Info: Output file is already uptodate.
<fig//rBergomi_grid=300_Hdiscrete_eta=1_v0=0.01-eps-converted-to.pdf, id=629, 6
20.3175pt x 559.08875pt>
File: fig//rBergomi_grid=300_Hdiscrete_eta=1_v0=0.01-eps-converted-to.pdf Graph
ic file (type pdf)
<use fig//rBergomi_grid=300_Hdiscrete_eta=1_v0=0.01-eps-converted-to.pdf>
Package pdftex.def Info: fig//rBergomi_grid=300_Hdiscrete_eta=1_v0=0.01-eps-con
verted-to.pdf  used on input line 349.
(pdftex.def)             Requested size: 110.40253pt x 99.50554pt.
Package epstopdf Info: Source file: <fig//rBergomi_grid=300_Huniform_eta=1_v0=0
.01.eps>
(epstopdf)                    date: 2023-11-04 18:07:14
(epstopdf)                    size: 39737 bytes
(epstopdf)             Output file: <fig//rBergomi_grid=300_Huniform_eta=1_v0=0
.01-eps-converted-to.pdf>
(epstopdf)                    date: 2023-11-05 16:50:43
(epstopdf)                    size: 18572 bytes
(epstopdf)             Command: <repstopdf --outfile=fig//rBergomi_grid=300_Hun
iform_eta=1_v0=0.01-eps-converted-to.pdf fig//rBergomi_grid=300_Huniform_eta=1_
v0=0.01.eps>
(epstopdf)             \includegraphics on input line 350.
Package epstopdf Info: Output file is already uptodate.
<fig//rBergomi_grid=300_Huniform_eta=1_v0=0.01-eps-converted-to.pdf, id=630, 62
0.3175pt x 559.08875pt>
File: fig//rBergomi_grid=300_Huniform_eta=1_v0=0.01-eps-converted-to.pdf Graphi
c file (type pdf)
<use fig//rBergomi_grid=300_Huniform_eta=1_v0=0.01-eps-converted-to.pdf>
Package pdftex.def Info: fig//rBergomi_grid=300_Huniform_eta=1_v0=0.01-eps-conv
erted-to.pdf  used on input line 350.
(pdftex.def)             Requested size: 110.40253pt x 99.50554pt.
Package epstopdf Info: Source file: <fig//rBergomi_grid=300_Hbeta_eta=1_v0=0.01
.eps>
(epstopdf)                    date: 2023-11-04 18:48:42
(epstopdf)                    size: 41466 bytes
(epstopdf)             Output file: <fig//rBergomi_grid=300_Hbeta_eta=1_v0=0.01
-eps-converted-to.pdf>
(epstopdf)                    date: 2023-11-05 16:50:43
(epstopdf)                    size: 18106 bytes
(epstopdf)             Command: <repstopdf --outfile=fig//rBergomi_grid=300_Hbe
ta_eta=1_v0=0.01-eps-converted-to.pdf fig//rBergomi_grid=300_Hbeta_eta=1_v0=0.0
1.eps>
(epstopdf)             \includegraphics on input line 351.
Package epstopdf Info: Output file is already uptodate.
<fig//rBergomi_grid=300_Hbeta_eta=1_v0=0.01-eps-converted-to.pdf, id=631, 620.3
175pt x 559.08875pt>
File: fig//rBergomi_grid=300_Hbeta_eta=1_v0=0.01-eps-converted-to.pdf Graphic f
ile (type pdf)
<use fig//rBergomi_grid=300_Hbeta_eta=1_v0=0.01-eps-converted-to.pdf>
Package pdftex.def Info: fig//rBergomi_grid=300_Hbeta_eta=1_v0=0.01-eps-convert
ed-to.pdf  used on input line 351.
(pdftex.def)             Requested size: 110.40253pt x 99.50554pt.
Package epstopdf Info: Source file: <fig//rBergomi_grid=400_Hdiscrete_eta=1_v0=
0.01.eps>
(epstopdf)                    date: 2023-11-04 22:39:52
(epstopdf)                    size: 40749 bytes
(epstopdf)             Output file: <fig//rBergomi_grid=400_Hdiscrete_eta=1_v0=
0.01-eps-converted-to.pdf>
(epstopdf)                    date: 2023-11-05 16:50:44
(epstopdf)                    size: 18643 bytes
(epstopdf)             Command: <repstopdf --outfile=fig//rBergomi_grid=400_Hdi
screte_eta=1_v0=0.01-eps-converted-to.pdf fig//rBergomi_grid=400_Hdiscrete_eta=
1_v0=0.01.eps>
(epstopdf)             \includegraphics on input line 352.
Package epstopdf Info: Output file is already uptodate.
<fig//rBergomi_grid=400_Hdiscrete_eta=1_v0=0.01-eps-converted-to.pdf, id=632, 6
20.3175pt x 559.08875pt>
File: fig//rBergomi_grid=400_Hdiscrete_eta=1_v0=0.01-eps-converted-to.pdf Graph
ic file (type pdf)
<use fig//rBergomi_grid=400_Hdiscrete_eta=1_v0=0.01-eps-converted-to.pdf>
Package pdftex.def Info: fig//rBergomi_grid=400_Hdiscrete_eta=1_v0=0.01-eps-con
verted-to.pdf  used on input line 352.
(pdftex.def)             Requested size: 110.40253pt x 99.50554pt.
Package epstopdf Info: Source file: <fig//rBergomi_grid=400_Huniform_eta=1_v0=0
.01.eps>
(epstopdf)                    date: 2023-11-04 21:56:33
(epstopdf)                    size: 41246 bytes
(epstopdf)             Output file: <fig//rBergomi_grid=400_Huniform_eta=1_v0=0
.01-eps-converted-to.pdf>
(epstopdf)                    date: 2023-11-05 16:50:45
(epstopdf)                    size: 18646 bytes
(epstopdf)             Command: <repstopdf --outfile=fig//rBergomi_grid=400_Hun
iform_eta=1_v0=0.01-eps-converted-to.pdf fig//rBergomi_grid=400_Huniform_eta=1_
v0=0.01.eps>
(epstopdf)             \includegraphics on input line 353.
Package epstopdf Info: Output file is already uptodate.
<fig//rBergomi_grid=400_Huniform_eta=1_v0=0.01-eps-converted-to.pdf, id=633, 62
0.3175pt x 559.08875pt>
File: fig//rBergomi_grid=400_Huniform_eta=1_v0=0.01-eps-converted-to.pdf Graphi
c file (type pdf)
<use fig//rBergomi_grid=400_Huniform_eta=1_v0=0.01-eps-converted-to.pdf>
Package pdftex.def Info: fig//rBergomi_grid=400_Huniform_eta=1_v0=0.01-eps-conv
erted-to.pdf  used on input line 353.
(pdftex.def)             Requested size: 110.40253pt x 99.50554pt.
Package epstopdf Info: Source file: <fig//rBergomi_grid=400_Hbeta_eta=1_v0=0.01
.eps>
(epstopdf)                    date: 2023-11-04 20:48:46
(epstopdf)                    size: 41696 bytes
(epstopdf)             Output file: <fig//rBergomi_grid=400_Hbeta_eta=1_v0=0.01
-eps-converted-to.pdf>
(epstopdf)                    date: 2023-11-05 16:50:46
(epstopdf)                    size: 18067 bytes
(epstopdf)             Command: <repstopdf --outfile=fig//rBergomi_grid=400_Hbe
ta_eta=1_v0=0.01-eps-converted-to.pdf fig//rBergomi_grid=400_Hbeta_eta=1_v0=0.0
1.eps>
(epstopdf)             \includegraphics on input line 354.
Package epstopdf Info: Output file is already uptodate.
<fig//rBergomi_grid=400_Hbeta_eta=1_v0=0.01-eps-converted-to.pdf, id=634, 620.3
175pt x 559.08875pt>
File: fig//rBergomi_grid=400_Hbeta_eta=1_v0=0.01-eps-converted-to.pdf Graphic f
ile (type pdf)
<use fig//rBergomi_grid=400_Hbeta_eta=1_v0=0.01-eps-converted-to.pdf>
Package pdftex.def Info: fig//rBergomi_grid=400_Hbeta_eta=1_v0=0.01-eps-convert
ed-to.pdf  used on input line 354.
(pdftex.def)             Requested size: 110.40253pt x 99.50554pt.
Package epstopdf Info: Source file: <fig//rBergomi_grid=500_Hdiscrete_eta=1_v0=
0.01.eps>
(epstopdf)                    date: 2023-11-04 23:31:09
(epstopdf)                    size: 40858 bytes
(epstopdf)             Output file: <fig//rBergomi_grid=500_Hdiscrete_eta=1_v0=
0.01-eps-converted-to.pdf>
(epstopdf)                    date: 2023-11-05 16:50:46
(epstopdf)                    size: 18637 bytes
(epstopdf)             Command: <repstopdf --outfile=fig//rBergomi_grid=500_Hdi
screte_eta=1_v0=0.01-eps-converted-to.pdf fig//rBergomi_grid=500_Hdiscrete_eta=
1_v0=0.01.eps>
(epstopdf)             \includegraphics on input line 355.
Package epstopdf Info: Output file is already uptodate.
<fig//rBergomi_grid=500_Hdiscrete_eta=1_v0=0.01-eps-converted-to.pdf, id=635, 6
20.3175pt x 559.08875pt>
File: fig//rBergomi_grid=500_Hdiscrete_eta=1_v0=0.01-eps-converted-to.pdf Graph
ic file (type pdf)
<use fig//rBergomi_grid=500_Hdiscrete_eta=1_v0=0.01-eps-converted-to.pdf>
Package pdftex.def Info: fig//rBergomi_grid=500_Hdiscrete_eta=1_v0=0.01-eps-con
verted-to.pdf  used on input line 355.
(pdftex.def)             Requested size: 110.40253pt x 99.50554pt.
Package epstopdf Info: Source file: <fig//rBergomi_grid=500_Huniform_eta=1_v0=0
.01.eps>
(epstopdf)                    date: 2023-11-05 00:20:56
(epstopdf)                    size: 39543 bytes
(epstopdf)             Output file: <fig//rBergomi_grid=500_Huniform_eta=1_v0=0
.01-eps-converted-to.pdf>
(epstopdf)                    date: 2023-11-05 16:50:47
(epstopdf)                    size: 18524 bytes
(epstopdf)             Command: <repstopdf --outfile=fig//rBergomi_grid=500_Hun
iform_eta=1_v0=0.01-eps-converted-to.pdf fig//rBergomi_grid=500_Huniform_eta=1_
v0=0.01.eps>
(epstopdf)             \includegraphics on input line 356.
Package epstopdf Info: Output file is already uptodate.
<fig//rBergomi_grid=500_Huniform_eta=1_v0=0.01-eps-converted-to.pdf, id=636, 62
0.3175pt x 559.08875pt>
File: fig//rBergomi_grid=500_Huniform_eta=1_v0=0.01-eps-converted-to.pdf Graphi
c file (type pdf)
<use fig//rBergomi_grid=500_Huniform_eta=1_v0=0.01-eps-converted-to.pdf>
Package pdftex.def Info: fig//rBergomi_grid=500_Huniform_eta=1_v0=0.01-eps-conv
erted-to.pdf  used on input line 356.
(pdftex.def)             Requested size: 110.40253pt x 99.50554pt.
Package epstopdf Info: Source file: <fig//rBergomi_grid=500_Hbeta_eta=1_v0=0.01
.eps>
(epstopdf)                    date: 2023-11-05 01:30:14
(epstopdf)                    size: 42303 bytes
(epstopdf)             Output file: <fig//rBergomi_grid=500_Hbeta_eta=1_v0=0.01
-eps-converted-to.pdf>
(epstopdf)                    date: 2023-11-05 16:50:48
(epstopdf)                    size: 18117 bytes
(epstopdf)             Command: <repstopdf --outfile=fig//rBergomi_grid=500_Hbe
ta_eta=1_v0=0.01-eps-converted-to.pdf fig//rBergomi_grid=500_Hbeta_eta=1_v0=0.0
1.eps>
(epstopdf)             \includegraphics on input line 357.
Package epstopdf Info: Output file is already uptodate.
<fig//rBergomi_grid=500_Hbeta_eta=1_v0=0.01-eps-converted-to.pdf, id=637, 620.3
175pt x 559.08875pt>
File: fig//rBergomi_grid=500_Hbeta_eta=1_v0=0.01-eps-converted-to.pdf Graphic f
ile (type pdf)
<use fig//rBergomi_grid=500_Hbeta_eta=1_v0=0.01-eps-converted-to.pdf>
Package pdftex.def Info: fig//rBergomi_grid=500_Hbeta_eta=1_v0=0.01-eps-convert
ed-to.pdf  used on input line 357.
(pdftex.def)             Requested size: 110.40253pt x 99.50554pt.

Overfull \vbox (79.5277pt too high) has occurred while \output is active []


[9 <./fig//rBergomi_grid=100_Hdiscrete_eta=1_v0=0.01-eps-converted-to.pdf> <./f
ig//rBergomi_grid=100_Huniform_eta=1_v0=0.01-eps-converted-to.pdf> <./fig//rBer
gomi_grid=100_Hbeta_eta=1_v0=0.01-eps-converted-to.pdf> <./fig//rBergomi_grid=2
00_Hdiscrete_eta=1_v0=0.01-eps-converted-to.pdf> <./fig//rBergomi_grid=200_Huni
form_eta=1_v0=0.01-eps-converted-to.pdf> <./fig//rBergomi_grid=200_Hbeta_eta=1_
v0=0.01-eps-converted-to.pdf> <./fig//rBergomi_grid=300_Hdiscrete_eta=1_v0=0.01
-eps-converted-to.pdf> <./fig//rBergomi_grid=300_Huniform_eta=1_v0=0.01-eps-con
verted-to.pdf> <./fig//rBergomi_grid=300_Hbeta_eta=1_v0=0.01-eps-converted-to.p
df> <./fig//rBergomi_grid=400_Hdiscrete_eta=1_v0=0.01-eps-converted-to.pdf> <./
fig//rBergomi_grid=400_Huniform_eta=1_v0=0.01-eps-converted-to.pdf> <./fig//rBe
rgomi_grid=400_Hbeta_eta=1_v0=0.01-eps-converted-to.pdf> <./fig//rBergomi_grid=
500_Hdiscrete_eta=1_v0=0.01-eps-converted-to.pdf> <./fig//rBergomi_grid=500_Hun
iform_eta=1_v0=0.01-eps-converted-to.pdf> <./fig//rBergomi_grid=500_Hbeta_eta=1
_v0=0.01-eps-converted-to.pdf>] (./signature_2023_ver_2.aux) ) 
Here is how much of TeX's memory you used:
 17034 strings out of 476025
 341734 string characters out of 5794015
 1891382 words of memory out of 5000000
 37093 multiletter control sequences out of 15000+600000
 520591 words of font info for 65 fonts, out of 8000000 for 9000
 1141 hyphenation exceptions out of 8191
 83i,12n,89p,778b,340s stack positions out of 10000i,1000n,20000p,200000b,200000s
<c:/texlive/2023/
texmf-dist/fonts/type1/public/amsfonts/cm/cmbx10.pfb><c:/texlive/2023/texmf-dis
t/fonts/type1/public/amsfonts/cm/cmbx12.pfb><c:/texlive/2023/texmf-dist/fonts/t
ype1/public/amsfonts/cm/cmex10.pfb><c:/texlive/2023/texmf-dist/fonts/type1/publ
ic/amsfonts/cm/cmmi10.pfb><c:/texlive/2023/texmf-dist/fonts/type1/public/amsfon
ts/cm/cmmi7.pfb><c:/texlive/2023/texmf-dist/fonts/type1/public/amsfonts/cm/cmmi
8.pfb><c:/texlive/2023/texmf-dist/fonts/type1/public/amsfonts/cm/cmr10.pfb><c:/
texlive/2023/texmf-dist/fonts/type1/public/amsfonts/cm/cmr17.pfb><c:/texlive/20
23/texmf-dist/fonts/type1/public/amsfonts/cm/cmr5.pfb><c:/texlive/2023/texmf-di
st/fonts/type1/public/amsfonts/cm/cmr6.pfb><c:/texlive/2023/texmf-dist/fonts/ty
pe1/public/amsfonts/cm/cmr7.pfb><c:/texlive/2023/texmf-dist/fonts/type1/public/
amsfonts/cm/cmr8.pfb><c:/texlive/2023/texmf-dist/fonts/type1/public/amsfonts/cm
/cmsy10.pfb><c:/texlive/2023/texmf-dist/fonts/type1/public/amsfonts/cm/cmsy7.pf
b><c:/texlive/2023/texmf-dist/fonts/type1/public/amsfonts/cm/cmsy8.pfb><c:/texl
ive/2023/texmf-dist/fonts/type1/public/cm-super/sfrm1000.pfb>
Output written on signature_2023_ver_2.pdf (9 pages, 646417 bytes).
PDF statistics:
 1265 PDF objects out of 1440 (max. 8388607)
 164 compressed objects within 2 object streams
 0 named destinations out of 1000 (max. 500000)
 163 words of extra memory for PDF output out of 10000 (max. 10000000)

